
**********************************
Report : Zroute Shielding Ratio
       : -with_ground VSS
       : -nets all shielded
       : -per_layer false
       : -coaxial_below false
       : -coaxial_above false
       : -coaxial_below_skip_tracks 1
       : -coaxial_above_skip_tracks 1
Design : khu_sensor_pad
Version: 1
Date   : Thu Nov 19 08:32:37 2020
**********************************

Shielded 100% side-wall of (khu_sensor_top/ads1292_filter/iir_lpf/mult_1/clk_gate_a_e_reg/n3)
Shielded 100% side-wall of (khu_sensor_top/ads1292_filter/iir_lpf/add/clk_gate_a_e_reg_1/n3)
Shielded 94% side-wall of (khu_sensor_top/w_CLOCK_HALF_G4B7I1)
Shielded 100% side-wall of (khu_sensor_top/w_CLOCK_HALF_G4B4I1)
Shielded 100% side-wall of (khu_sensor_top/w_CLOCK_HALF_G4B4I2)
Shielded 86% side-wall of (khu_sensor_top/w_CLOCK_HALF_G4B3I1)
Shielded 100% side-wall of (khu_sensor_top/ads1292_filter/iir_lpf/mult_2/clk_gate_a_e_reg/n3)
Shielded 100% side-wall of (khu_sensor_top/ads1292_filter/iir_lpf/mult_1/clk_gate_b_reg/n3)
Shielded 94% side-wall of (khu_sensor_top/w_clk_p_G2B11I1)
Shielded 100% side-wall of (khu_sensor_top/ads1292_filter/iir_notch/mult_1/clk_gate_a_e_reg/n3)
Shielded 100% side-wall of (khu_sensor_top/ads1292_filter/iir_notch/add_2/clk_gate_b_reg/n3)
Shielded 100% side-wall of (khu_sensor_top/ads1292_filter/iir_notch/add_2/clk_gate_a_s_reg/n3)
Shielded 100% side-wall of (khu_sensor_top/ads1292_filter/iir_notch/add_1/clk_gate_a_e_reg_1/n3)
Shielded 100% side-wall of (khu_sensor_top/ads1292_filter/iir_lpf/mult_2/clk_gate_R_40/n3)
Shielded 100% side-wall of (khu_sensor_top/ads1292_filter/iir_notch/mult_2/clk_gate_a_e_reg/n3)
Shielded 100% side-wall of (khu_sensor_top/ads1292_filter/iir_notch/mult_1/clk_gate_R_41/n3)
Shielded 99% side-wall of (khu_sensor_top/w_clk_p_G2B10I1)
Shielded 100% side-wall of (khu_sensor_top/w_clk_p_G2B10I2)
Shielded <1% side-wall of (khu_sensor_top/ads1292_filter/iir_notch/mult_2/clk_gate_R_42/n3)
Shielded 100% side-wall of (khu_sensor_top/ads1292_filter/iir_notch/mult_3/clk_gate_a_e_reg/n3)
Shielded 100% side-wall of (khu_sensor_top/ads1292_filter/iir_hpf/mult/clk_gate_a_e_reg/n3)
Shielded 100% side-wall of (khu_sensor_top/ads1292_filter/iir_hpf/add/clk_gate_b_reg/n3)
Shielded 100% side-wall of (khu_sensor_top/ads1292_filter/iir_notch/mult_3/clk_gate_R_43/n3)
Shielded <1% side-wall of (khu_sensor_top/ads1292_filter/converter_i2f/clk_gate_a_reg_0/n3)
Shielded 100% side-wall of (khu_sensor_top/uart_controller/uart_rx/clk_gate_r_Bit_Index_reg/n3)
Shielded 100% side-wall of (khu_sensor_top/uart_controller/uart_tx/clk_gate_o_Tx_Serial_reg/n3)
Shielded 100% side-wall of (khu_sensor_top/ads1292_filter/iir_hpf/mult/clk_gate_b_reg/n3)
Shielded 64% side-wall of (khu_sensor_top/w_clk_p_G2B9I1)
Shielded 100% side-wall of (khu_sensor_top/w_clk_p_G2B8I2)
Shielded 100% side-wall of (khu_sensor_top/ads1292_filter/iir_lpf/add/n26)
Shielded 100% side-wall of (khu_sensor_top/w_clk_p_G2B8I3)
Shielded 100% side-wall of (khu_sensor_top/w_clk_p_G2B8I5)
Shielded 100% side-wall of (khu_sensor_top/w_clk_p_G2B8I6)
Shielded 98% side-wall of (khu_sensor_top/w_clk_p_G2B7I2)
Shielded 99% side-wall of (khu_sensor_top/w_clk_p_G2B7I3)
Shielded 76% side-wall of (khu_sensor_top/w_clk_p_G2B6I1)
Shielded 97% side-wall of (khu_sensor_top/w_clk_p_G2B5I1)
Shielded 79% side-wall of (khu_sensor_top/w_clk_p_G2B4I1)
Shielded 100% side-wall of (khu_sensor_top/w_clk_p_G2B1I1)
Shielded 100% side-wall of (khu_sensor_top/CTS_clk_CTO_route_inv2)
Shielded 100% side-wall of (khu_sensor_top/ads1292_controller/ENCLK_G3B1I15)
Shielded 100% side-wall of (khu_sensor_top/ads1292_filter/iir_lpf/mult_1/n26)
Shielded 100% side-wall of (khu_sensor_top/ads1292_controller/ENCLK_G3B1I13)
Shielded 100% side-wall of (khu_sensor_top/ads1292_controller/ENCLK_G3B1I12)
Shielded 100% side-wall of (khu_sensor_top/ads1292_filter/ENCLK_G3B1I14)
Shielded 100% side-wall of (khu_sensor_top/ads1292_filter/ENCLK_G3B1I13)
Shielded 100% side-wall of (khu_sensor_top/ads1292_filter/ENCLK_G3B1I12)
Shielded 100% side-wall of (khu_sensor_top/ads1292_filter/iir_lpf/mult_2/n22)
Shielded 98% side-wall of (khu_sensor_top/ads1292_filter/ENCLK_G3B1I1)
Shielded 100% side-wall of (khu_sensor_top/ads1292_filter/w_clk_p_G2B8I1)
Shielded 100% side-wall of (khu_sensor_top/ads1292_filter/iir_notch/clk_gate_r_mult_3_AB_STB_reg/n3)
Shielded 100% side-wall of (khu_sensor_top/ads1292_filter/iir_notch/clk_gate_o_Y_DATA_reg_0/n3)
Shielded 100% side-wall of (khu_sensor_top/ads1292_filter/iir_notch/clk_gate_r_mult_3_A_reg_0/n3)
Shielded 100% side-wall of (khu_sensor_top/ads1292_filter/iir_lpf/clk_gate_r_y_data_reg_0/n3)
Shielded 100% side-wall of (khu_sensor_top/ads1292_filter/iir_lpf/mult_2/n2)
Shielded 100% side-wall of (khu_sensor_top/ads1292_filter/w_clk_p_G2B8I4)
Shielded 100% side-wall of (khu_sensor_top/mpr121_controller/ENCLK_G3B1I12)
Shielded 100% side-wall of (khu_sensor_top/ads1292_filter/iir_notch/add_1/n26)
Shielded 100% side-wall of (khu_sensor_top/ads1292_filter/iir_notch/add_2/n2)
Shielded 91% side-wall of (khu_sensor_top/ads1292_filter/iir_notch/add_2/n8)
Shielded 98% side-wall of (khu_sensor_top/ads1292_filter/iir_notch/add_2/n20)
Shielded 100% side-wall of (khu_sensor_top/ads1292_filter/iir_notch/add_2/n29)
Shielded 100% side-wall of (khu_sensor_top/mpr121_controller/ENCLK_G3B1I11)
Shielded 95% side-wall of (khu_sensor_top/sensor_core/ENCLK_G5B1I111)
Shielded 100% side-wall of (khu_sensor_top/ads1292_filter/iir_notch/mult_1/n21)
Shielded 100% side-wall of (khu_sensor_top/sensor_core/ENCLK_G5B1I110)
Shielded 100% side-wall of (khu_sensor_top/sensor_core/ENCLK_G5B1I19)
Shielded 100% side-wall of (khu_sensor_top/sensor_core/ENCLK_G5B1I18)
Shielded 100% side-wall of (khu_sensor_top/sensor_core/ENCLK_G5B1I17)
Shielded <1% side-wall of (khu_sensor_top/sensor_core/ENCLK_G5B1I16)
Shielded 100% side-wall of (khu_sensor_top/sensor_core/ENCLK_G5B1I15)
Shielded 100% side-wall of (khu_sensor_top/sensor_core/ENCLK_G5B1I14)
Shielded 100% side-wall of (khu_sensor_top/sensor_core/ENCLK_G5B1I13)
Shielded 100% side-wall of (khu_sensor_top/sensor_core/ENCLK_G5B1I12)
Shielded 100% side-wall of (khu_sensor_top/ads1292_filter/iir_notch/mult_2/n2)
Shielded 57% side-wall of (khu_sensor_top/ads1292_filter/iir_notch/mult_2/n22)
Shielded 100% side-wall of (khu_sensor_top/sensor_core/ENCLK_G5B1I11)
Shielded 79% side-wall of (khu_sensor_top/sensor_core/ENCLK_G5B1I1)
Shielded 100% side-wall of (khu_sensor_top/uart_controller/ENCLK_G5B1I13)
Shielded 100% side-wall of (khu_sensor_top/uart_controller/ENCLK_G5B1I12)
Shielded 100% side-wall of (khu_sensor_top/uart_controller/ENCLK_G5B1I11)
Shielded 100% side-wall of (khu_sensor_top/ads1292_filter/iir_notch/mult_3/n2)
Shielded 100% side-wall of (khu_sensor_top/ads1292_filter/iir_notch/mult_3/n22)
Shielded <1% side-wall of (khu_sensor_top/uart_controller/ENCLK_G5B1I1)
Shielded 100% side-wall of (khu_sensor_top/ads1292_filter/iir_hpf/add/n28)
Shielded <1% side-wall of (khu_sensor_top/ads1292_controller/spi_master/ENCLK_G3B1I12)
Shielded 100% side-wall of (khu_sensor_top/ads1292_controller/spi_master/ENCLK_G3B1I11)
Shielded 45% side-wall of (khu_sensor_top/ads1292_filter/iir_hpf/mult/n9)
Shielded 100% side-wall of (khu_sensor_top/ads1292_filter/iir_hpf/mult/n15)
Shielded 84% side-wall of (khu_sensor_top/ads1292_filter/iir_hpf/mult/n21)
Shielded <1% side-wall of (khu_sensor_top/ads1292_controller/spi_master/ENCLK_G3B1I1)
Shielded 36% side-wall of (khu_sensor_top/ads1292_controller/clk_gate_o_ADS1292_DATA_OUT_reg_0/n3_G3B1I1)
Shielded 5% side-wall of (khu_sensor_top/ads1292_controller/clk_gate_r_ads_data_out_reg_0/n3_G3B1I1)
Shielded 100% side-wall of (khu_sensor_top/sensor_core/clk_gate_r_ads_second_param_reg_0/n3)
Shielded 100% side-wall of (khu_sensor_top/sensor_core/clk_gate_r_uart_clk_counter_reg/n3)
Shielded 100% side-wall of (khu_sensor_top/sensor_core/clk_gate_r_ads_ch2_data_out_reg_0/n3)
Shielded <1% side-wall of (khu_sensor_top/sensor_core/clk_gate_o_ADS1292_FILTERED_DATA_ACK_reg/n3)
Shielded 100% side-wall of (khu_sensor_top/ads1292_controller/spi_master/clk_gate_r_SPI_Clk_Count_reg_0/n6)
Shielded <1% side-wall of (khu_sensor_top/ads1292_filter/converter_f2i/clk_gate_o_Z_reg_0/n3)
Shielded 100% side-wall of (khu_sensor_top/ads1292_filter/iir_hpf/clk_gate_r_mult_A_reg/n3)
Shielded 100% side-wall of (khu_sensor_top/ads1292_filter/iir_hpf/clk_gate_r_y_data_reg/n3)
Shielded 100% side-wall of (khu_sensor_top/ads1292_filter/iir_hpf/clk_gate_r_y_data_reg/n1)
Shielded 100% side-wall of (khu_sensor_top/ads1292_filter/clk_gate_o_ADS1292_FILTERED_DATA_reg_0/n3)
Shielded <1% side-wall of (khu_sensor_top/ads1292_filter/clk_gate_r_converter_i2f_a_reg_0/n3)
Shielded 100% side-wall of (khu_sensor_top/ads1292_filter/clk_gate_r_iir_notch_x_reg_0/n3)
Shielded 100% side-wall of (khu_sensor_top/mpr121_controller/clk_gate_o_MPR121_INIT_SET_reg/n3)
Shielded 100% side-wall of (khu_sensor_top/mpr121_controller/clk_gate_r_i2c_reg_data_in_reg_0/n3)
Shielded 27% side-wall of (khu_sensor_top/ads1292_filter/converter_f2i/ENCLK_G3B1I12)
Shielded 100% side-wall of (khu_sensor_top/ads1292_filter/converter_f2i/ENCLK_G3B1I11)
Shielded 100% side-wall of (khu_sensor_top/ads1292_filter/converter_f2i/ENCLK_G3B1I1)
Shielded 100% side-wall of (khu_sensor_top/ads1292_filter/iir_lpf/n19)
Shielded 100% side-wall of (khu_sensor_top/ads1292_filter/iir_hpf/ENCLK_G5B1I11)
Shielded 100% side-wall of (khu_sensor_top/ads1292_filter/iir_hpf/ENCLK_G3B1I1)
Shielded 100% side-wall of (khu_sensor_top/ads1292_filter/iir_notch/ENCLK_G3B2I15)
Shielded <1% side-wall of (khu_sensor_top/ads1292_filter/iir_notch/ENCLK_G3B1I15)
Shielded 100% side-wall of (khu_sensor_top/ads1292_filter/iir_notch/n24_G4B2I1)
Shielded 87% side-wall of (khu_sensor_top/ads1292_filter/iir_notch/n50_G4B1I1)
Shielded 100% side-wall of (khu_sensor_top/ads1292_filter/iir_notch/ENCLK_G3B1I13)
Shielded 100% side-wall of (khu_sensor_top/ads1292_filter/iir_notch/ENCLK_G3B1I11)
Shielded 100% side-wall of (khu_sensor_top/ads1292_filter/iir_notch/ENCLK_G3B2I1)
Shielded 100% side-wall of (khu_sensor_top/ads1292_filter/iir_notch/ENCLK_G3B1I1)
Shielded 99% side-wall of (khu_sensor_top/ads1292_filter/iir_notch/w_clk_p_G2B8I7)
Shielded 100% side-wall of (khu_sensor_top/ads1292_filter/iir_notch/n21)
Shielded 87% side-wall of (khu_sensor_top/ads1292_filter/iir_lpf/n3_G4B2I1)
Shielded 95% side-wall of (khu_sensor_top/ads1292_filter/iir_lpf/n13_G4B2I1)
Shielded 100% side-wall of (khu_sensor_top/ads1292_filter/iir_lpf/ENCLK_G3B1I11)
Shielded 100% side-wall of (khu_sensor_top/ads1292_filter/iir_lpf/ENCLK_G3B1I1)
Shielded 100% side-wall of (khu_sensor_top/ads1292_filter/iir_lpf/w_clk_p_G2B8I8)
Shielded 100% side-wall of (khu_sensor_top/ads1292_filter/iir_lpf/n2)
Shielded 100% side-wall of (khu_sensor_top/ads1292_filter/converter_i2f/ENCLK_G3B1I13)
Shielded 100% side-wall of (khu_sensor_top/ads1292_filter/converter_i2f/ENCLK_G3B1I12)
Shielded 100% side-wall of (khu_sensor_top/ads1292_filter/converter_i2f/ENCLK_G3B1I11)
Shielded 100% side-wall of (khu_sensor_top/ads1292_filter/converter_i2f/ENCLK_G3B1I1)
Shielded 100% side-wall of (khu_sensor_top/ads1292_filter/iir_notch/n120)
Shielded 100% side-wall of (khu_sensor_top/ads1292_filter/clk_gate_o_ADS1292_FILTERED_DATA_reg_0/n3_G3B1I1)
Shielded 18% side-wall of (khu_sensor_top/ads1292_filter/clk_gate_r_converter_i2f_a_reg_0/n3_G3B1I1)
Shielded 100% side-wall of (khu_sensor_top/ads1292_filter/clk_gate_r_iir_notch_x_reg_0/n3_G3B1I1)
Shielded 97% side-wall of (khu_sensor_top/ads1292_filter/iir_notch/n4)
Shielded 100% side-wall of (khu_sensor_top/ads1292_filter/iir_notch/n24)
Shielded 96% side-wall of (khu_sensor_top/ads1292_filter/iir_notch/n54)
Shielded 27% side-wall of (khu_sensor_top/ads1292_filter/iir_notch/n57)
Shielded 100% side-wall of (khu_sensor_top/ads1292_filter/iir_notch/n80)
Shielded 83% side-wall of (khu_sensor_top/ads1292_filter/iir_notch/n101)
Shielded 100% side-wall of (khu_sensor_top/ads1292_filter/iir_notch/n113)
Shielded 100% side-wall of (khu_sensor_top/ads1292_filter/iir_notch/n1)
Shielded 100% side-wall of (khu_sensor_top/mpr121_controller/clk_gate_o_MPR121_INIT_SET_reg/n3_G3B1I1)
Shielded 100% side-wall of (khu_sensor_top/mpr121_controller/clk_gate_r_i2c_reg_data_in_reg_0/n3_G3B1I1)
Shielded <1% side-wall of (khu_sensor_top/ads1292_controller/clk_gate_o_ADS1292_DATA_OUT_reg_0/n3)
Shielded 100% side-wall of (khu_sensor_top/ads1292_controller/clk_gate_r_ads_data_out_reg_0/n3)
Shielded 100% side-wall of (khu_sensor_top/mpr121_controller/i2c_master/ENCLK_G3B1I12)
Shielded 100% side-wall of (khu_sensor_top/mpr121_controller/i2c_master/ENCLK_G3B1I11)
Shielded 90% side-wall of (khu_sensor_top/mpr121_controller/i2c_master/ENCLK_G3B1I1)
Shielded 100% side-wall of (khu_sensor_top/ads1292_controller/n10)
Shielded 100% side-wall of (khu_sensor_top/sensor_core/clk_gate_r_ads_second_param_reg_0/n3_G5B1I1)
Shielded 100% side-wall of (khu_sensor_top/sensor_core/clk_gate_r_uart_clk_counter_reg/n3_G5B1I1)
Shielded 100% side-wall of (khu_sensor_top/sensor_core/clk_gate_r_ads_ch2_data_out_reg_0/n3_G5B1I1)
Shielded 18% side-wall of (khu_sensor_top/sensor_core/clk_gate_o_ADS1292_FILTERED_DATA_ACK_reg/n3_G5B1I1)
Shielded 100% side-wall of (khu_sensor_top/uart_controller/uart_tx/ENCLK_G5B1I1)
Shielded 100% side-wall of (khu_sensor_top/ads1292_controller/spi_master/clk_gate_r_SPI_Clk_Count_reg_0/n6_G3B1I1)
Shielded <1% side-wall of (khu_sensor_top/ads1292_filter/converter_f2i/clk_gate_o_Z_reg_0/n3_G3B1I1)
Shielded 100% side-wall of (khu_sensor_top/ads1292_filter/iir_hpf/clk_gate_r_mult_A_reg/n3_G3B1I1)
Shielded 100% side-wall of (khu_sensor_top/ads1292_filter/iir_hpf/mult/ENCLK_G3B1I16)
Shielded 100% side-wall of (khu_sensor_top/ads1292_filter/iir_hpf/mult/ENCLK_G3B1I15)
Shielded 98% side-wall of (khu_sensor_top/ads1292_filter/iir_hpf/mult/ENCLK_G3B1I14)
Shielded 45% side-wall of (khu_sensor_top/ads1292_filter/iir_hpf/mult/ENCLK_G3B1I13)
Shielded 97% side-wall of (khu_sensor_top/ads1292_filter/iir_hpf/mult/ENCLK_G3B1I11)
Shielded 13% side-wall of (khu_sensor_top/ads1292_filter/iir_hpf/mult/ENCLK_G3B1I1)
Shielded 100% side-wall of (khu_sensor_top/ads1292_filter/iir_hpf/mult/ENCLK_G5B1I1)
Shielded 100% side-wall of (khu_sensor_top/uart_controller/uart_tx/n142)
Shielded 100% side-wall of (khu_sensor_top/ads1292_filter/iir_hpf/add/ENCLK_G3B1I17)
Shielded <1% side-wall of (khu_sensor_top/uart_controller/n258)
Shielded 100% side-wall of (khu_sensor_top/uart_controller/n260)
Shielded 100% side-wall of (khu_sensor_top/uart_controller/n271)
Shielded 100% side-wall of (khu_sensor_top/uart_controller/n327)
Shielded 100% side-wall of (khu_sensor_top/ads1292_filter/iir_hpf/add/ENCLK_G3B1I16)
Shielded 96% side-wall of (khu_sensor_top/ads1292_filter/iir_hpf/add/ENCLK_G3B1I15)
Shielded 100% side-wall of (khu_sensor_top/sensor_core/n654)
Shielded 100% side-wall of (khu_sensor_top/sensor_core/n656)
Shielded 100% side-wall of (khu_sensor_top/sensor_core/n658)
Shielded <1% side-wall of (khu_sensor_top/sensor_core/n668)
Shielded 100% side-wall of (khu_sensor_top/sensor_core/n679)
Shielded 100% side-wall of (khu_sensor_top/sensor_core/n690)
Shielded 100% side-wall of (khu_sensor_top/sensor_core/n700)
Shielded 100% side-wall of (khu_sensor_top/sensor_core/n712)
Shielded <1% side-wall of (khu_sensor_top/sensor_core/n723)
Shielded 100% side-wall of (khu_sensor_top/sensor_core/n737)
Shielded 100% side-wall of (khu_sensor_top/sensor_core/n841)
Shielded 100% side-wall of (khu_sensor_top/ads1292_filter/iir_hpf/add/ENCLK_G3B1I14)
Shielded 99% side-wall of (khu_sensor_top/w_CLOCK_HALF)
Shielded 100% side-wall of (khu_sensor_top/sensor_core/n617)
Shielded 100% side-wall of (khu_sensor_top/ads1292_filter/iir_hpf/add/ENCLK_G3B1I12)
Shielded <1% side-wall of (khu_sensor_top/ads1292_filter/iir_hpf/add/ENCLK_G3B1I11)
Shielded 18% side-wall of (khu_sensor_top/ads1292_filter/iir_hpf/add/ENCLK_G3B1I1)
Shielded 100% side-wall of (khu_sensor_top/ads1292_filter/iir_hpf/add/n2)
Shielded 100% side-wall of (khu_sensor_top/ads1292_filter/iir_notch/mult_3/ENCLK_G3B1I16)
Shielded 100% side-wall of (khu_sensor_top/ads1292_filter/iir_notch/mult_3/ENCLK_G3B1I15)
Shielded 100% side-wall of (khu_sensor_top/ads1292_filter/iir_notch/mult_3/ENCLK_G3B1I14)
Shielded 100% side-wall of (khu_sensor_top/ads1292_filter/iir_notch/mult_3/ENCLK_G3B1I13)
Shielded 100% side-wall of (khu_sensor_top/ads1292_filter/iir_notch/mult_3/ENCLK_G3B1I12)
Shielded 100% side-wall of (khu_sensor_top/ads1292_filter/iir_notch/mult_3/ENCLK_G3B1I11)
Shielded 100% side-wall of (khu_sensor_top/mpr121_controller/i2c_master/n606)
Shielded <1% side-wall of (khu_sensor_top/mpr121_controller/i2c_master/n621)
Shielded 100% side-wall of (khu_sensor_top/mpr121_controller/i2c_master/n630)
Shielded 100% side-wall of (khu_sensor_top/mpr121_controller/n231)
Shielded 100% side-wall of (khu_sensor_top/mpr121_controller/n241)
Shielded 100% side-wall of (khu_sensor_top/ads1292_filter/iir_notch/mult_2/ENCLK_G3B1I16)
Shielded 100% side-wall of (khu_sensor_top/ads1292_filter/iir_notch/mult_2/ENCLK_G3B1I15)
Shielded 100% side-wall of (khu_sensor_top/ads1292_filter/iir_notch/mult_2/ENCLK_G3B1I14)
Shielded 100% side-wall of (khu_sensor_top/ads1292_filter/iir_notch/mult_2/ENCLK_G3B1I13)
Shielded 100% side-wall of (khu_sensor_top/ads1292_filter/iir_notch/mult_2/ENCLK_G3B1I12)
Shielded 100% side-wall of (khu_sensor_top/ads1292_filter/iir_notch/mult_2/ENCLK_G3B1I11)
Shielded 100% side-wall of (khu_sensor_top/ads1292_filter/iir_notch/mult_1/ENCLK_G3B1I16)
Shielded 100% side-wall of (khu_sensor_top/ads1292_filter/iir_notch/mult_1/ENCLK_G3B1I15)
Shielded 99% side-wall of (khu_sensor_top/ads1292_filter/iir_notch/mult_1/ENCLK_G3B1I14)
Shielded 100% side-wall of (khu_sensor_top/ads1292_filter/iir_notch/mult_1/ENCLK_G3B1I13)
Shielded 100% side-wall of (khu_sensor_top/ads1292_filter/iir_notch/mult_1/ENCLK_G3B1I12)
Shielded 100% side-wall of (khu_sensor_top/ads1292_filter/iir_notch/mult_1/ENCLK_G3B1I11)
Shielded <1% side-wall of (khu_sensor_top/ads1292_filter/converter_i2f/n386)
Shielded <1% side-wall of (khu_sensor_top/ads1292_filter/converter_i2f/n418)
Shielded 100% side-wall of (khu_sensor_top/ads1292_filter/converter_i2f/n419)
Shielded 100% side-wall of (khu_sensor_top/ads1292_filter/converter_i2f/n420)
Shielded 100% side-wall of (khu_sensor_top/ads1292_filter/iir_notch/add_2/ENCLK_G3B1I16)
Shielded 100% side-wall of (khu_sensor_top/ads1292_filter/iir_notch/add_2/ENCLK_G3B1I15)
Shielded 100% side-wall of (khu_sensor_top/ads1292_filter/iir_notch/add_2/ENCLK_G3B1I14)
Shielded 100% side-wall of (khu_sensor_top/ads1292_filter/iir_notch/add_2/ENCLK_G3B1I13)
Shielded 100% side-wall of (khu_sensor_top/ads1292_filter/iir_notch/add_2/ENCLK_G3B1I12)
Shielded <1% side-wall of (khu_sensor_top/ads1292_filter/iir_notch/add_2/ENCLK_G3B1I11)
Shielded 88% side-wall of (khu_sensor_top/ads1292_filter/iir_notch/add_2/ENCLK_G3B1I1)
Shielded 100% side-wall of (khu_sensor_top/ads1292_filter/iir_notch/add_1/ENCLK_G3B1I17)
Shielded 98% side-wall of (khu_sensor_top/ads1292_filter/iir_notch/add_1/ENCLK_G3B1I16)
Shielded 100% side-wall of (khu_sensor_top/ads1292_filter/iir_notch/add_1/ENCLK_G3B1I15)
Shielded 96% side-wall of (khu_sensor_top/ads1292_filter/iir_notch/add_1/ENCLK_G3B1I14)
Shielded 98% side-wall of (khu_sensor_top/ads1292_filter/iir_notch/add_1/ENCLK_G3B1I13)
Shielded 100% side-wall of (khu_sensor_top/ads1292_filter/iir_notch/add_1/ENCLK_G3B1I12)
Shielded 100% side-wall of (khu_sensor_top/ads1292_filter/iir_notch/add_1/ENCLK_G3B1I11)
Shielded 94% side-wall of (khu_sensor_top/ads1292_filter/iir_notch/clk_gate_r_mult_3_AB_STB_reg/n3_G3B1I1)
Shielded 100% side-wall of (khu_sensor_top/ads1292_filter/iir_notch/clk_gate_o_Y_DATA_reg_0/n3_G3B1I1)
Shielded 100% side-wall of (khu_sensor_top/ads1292_filter/iir_notch/clk_gate_r_mult_3_A_reg_0/n3_G3B1I1)
Shielded 100% side-wall of (khu_sensor_top/ads1292_filter/iir_lpf/clk_gate_r_y_data_reg_0/n3_G3B1I1)
Shielded 100% side-wall of (khu_sensor_top/ads1292_filter/iir_lpf/mult_2/ENCLK_G3B1I16)
Shielded 100% side-wall of (khu_sensor_top/ads1292_filter/iir_lpf/mult_2/ENCLK_G3B1I15)
Shielded 100% side-wall of (khu_sensor_top/ads1292_filter/iir_lpf/mult_2/ENCLK_G3B1I14)
Shielded 100% side-wall of (khu_sensor_top/ads1292_filter/iir_lpf/mult_2/ENCLK_G3B1I13)
Shielded 84% side-wall of (khu_sensor_top/ads1292_filter/iir_lpf/mult_2/ENCLK_G3B1I12)
Shielded 100% side-wall of (khu_sensor_top/ads1292_filter/iir_lpf/mult_2/ENCLK_G3B1I11)
Shielded 100% side-wall of (khu_sensor_top/ads1292_filter/iir_lpf/mult_1/ENCLK_G3B1I16)
Shielded 100% side-wall of (khu_sensor_top/ads1292_filter/iir_lpf/mult_1/ENCLK_G3B1I15)
Shielded 100% side-wall of (khu_sensor_top/ads1292_filter/iir_lpf/mult_1/ENCLK_G3B1I14)
Shielded 100% side-wall of (khu_sensor_top/ads1292_filter/iir_lpf/mult_1/ENCLK_G3B1I13)
Shielded 100% side-wall of (khu_sensor_top/ads1292_filter/iir_lpf/mult_1/ENCLK_G3B1I12)
Shielded 100% side-wall of (khu_sensor_top/ads1292_filter/iir_lpf/mult_1/ENCLK_G3B1I11)
Shielded 100% side-wall of (khu_sensor_top/ads1292_filter/iir_lpf/mult_1/ENCLK_G3B1I1)
Shielded 99% side-wall of (khu_sensor_top/ads1292_filter/iir_lpf/add/ENCLK_G3B1I17)
Shielded 100% side-wall of (khu_sensor_top/ads1292_filter/iir_lpf/add/ENCLK_G3B1I16)
Shielded 100% side-wall of (khu_sensor_top/ads1292_filter/iir_lpf/add/ENCLK_G3B1I15)
Shielded 100% side-wall of (khu_sensor_top/ads1292_filter/iir_lpf/add/ENCLK_G3B1I14)
Shielded 100% side-wall of (khu_sensor_top/ads1292_filter/iir_lpf/add/ENCLK_G3B1I13)
Shielded 100% side-wall of (khu_sensor_top/ads1292_filter/iir_lpf/add/ENCLK_G3B1I12)
Shielded 100% side-wall of (khu_sensor_top/ads1292_filter/iir_lpf/add/ENCLK_G3B1I11)
Shielded <1% side-wall of (khu_sensor_top/ads1292_filter/converter_i2f/clk_gate_a_reg_0/n3_G3B1I1)
Shielded 100% side-wall of (khu_sensor_top/uart_controller/uart_rx/clk_gate_r_Bit_Index_reg/n3_G5B1I1)
Shielded 100% side-wall of (khu_sensor_top/uart_controller/uart_tx/clk_gate_o_Tx_Serial_reg/n3_G5B1I1)
Shielded 100% side-wall of (khu_sensor_top/ads1292_filter/iir_hpf/mult/clk_gate_b_reg/n3_G3B1I1)
Shielded 12% side-wall of (khu_sensor_top/ads1292_filter/iir_hpf/mult/clk_gate_a_e_reg/n3_G3B1I1)
Shielded 100% side-wall of (khu_sensor_top/ads1292_filter/iir_hpf/add/clk_gate_b_reg/n3_G3B1I1)
Shielded 100% side-wall of (khu_sensor_top/ads1292_filter/iir_notch/mult_3/clk_gate_R_43/n3_G3B1I1)
Shielded 100% side-wall of (khu_sensor_top/ads1292_filter/iir_notch/mult_3/clk_gate_a_e_reg/n3_G3B1I1)
Shielded <1% side-wall of (khu_sensor_top/ads1292_filter/iir_notch/mult_2/clk_gate_R_42/n3_G3B1I1)
Shielded 100% side-wall of (khu_sensor_top/ads1292_filter/iir_notch/mult_2/clk_gate_a_e_reg/n3_G3B1I1)
Shielded 100% side-wall of (khu_sensor_top/ads1292_filter/iir_notch/mult_1/clk_gate_R_41/n3_G3B1I1)
Shielded 100% side-wall of (khu_sensor_top/ads1292_filter/iir_notch/mult_1/clk_gate_a_e_reg/n3_G3B1I1)
Shielded 100% side-wall of (khu_sensor_top/ads1292_filter/iir_notch/add_2/clk_gate_b_reg/n3_G3B1I1)
Shielded 100% side-wall of (khu_sensor_top/ads1292_filter/iir_notch/add_2/clk_gate_a_s_reg/n3_G3B1I1)
Shielded 100% side-wall of (khu_sensor_top/ads1292_filter/iir_notch/add_1/clk_gate_a_e_reg_1/n3_G3B1I1)
Shielded 100% side-wall of (khu_sensor_top/ads1292_filter/iir_lpf/mult_2/clk_gate_R_40/n3_G3B1I1)
Shielded 100% side-wall of (khu_sensor_top/ads1292_filter/iir_lpf/mult_2/clk_gate_a_e_reg/n3_G3B1I1)
Shielded 100% side-wall of (khu_sensor_top/ads1292_filter/iir_lpf/mult_1/clk_gate_b_reg/n3_G3B1I1)
Shielded 100% side-wall of (khu_sensor_top/ads1292_filter/iir_lpf/mult_1/clk_gate_a_e_reg/n3_G3B1I1)
Shielded 100% side-wall of (khu_sensor_top/ads1292_filter/iir_lpf/add/clk_gate_a_e_reg_1/n3_G3B1I1)
Shielded <1% side-wall of (khu_sensor_top/ads1292_filter/iir_lpf/add/n1530)
Shielded 100% side-wall of (khu_sensor_top/ads1292_filter/iir_lpf/add/n1414)
Shielded 100% side-wall of (khu_sensor_top/ads1292_filter/iir_lpf/add/n1439)
Shielded 100% side-wall of (khu_sensor_top/ads1292_filter/iir_lpf/add/n1467)
Shielded 100% side-wall of (khu_sensor_top/ads1292_filter/iir_lpf/add/n1494)
Shielded 100% side-wall of (khu_sensor_top/ads1292_filter/iir_lpf/add/n1497)
Shielded 100% side-wall of (khu_sensor_top/ads1292_filter/iir_lpf/add/n1498)
Shielded 75% side-wall of (khu_sensor_top/ads1292_filter/iir_lpf/add/n1528)
Shielded 100% side-wall of (khu_sensor_top/ads1292_filter/iir_lpf/mult_1/n1002)
Shielded 100% side-wall of (khu_sensor_top/ads1292_filter/iir_lpf/mult_1/n1027)
Shielded 100% side-wall of (khu_sensor_top/ads1292_filter/iir_lpf/mult_1/n1052)
Shielded 100% side-wall of (khu_sensor_top/ads1292_filter/iir_lpf/mult_1/n1054)
Shielded 100% side-wall of (khu_sensor_top/ads1292_filter/iir_lpf/mult_1/n1055)
Shielded <1% side-wall of (khu_sensor_top/ads1292_filter/iir_lpf/mult_1/n1087)
Shielded 100% side-wall of (khu_sensor_top/ads1292_filter/iir_lpf/mult_1/n1089)
Shielded 100% side-wall of (khu_sensor_top/ads1292_filter/iir_lpf/mult_1/n979)
Shielded 100% side-wall of (khu_sensor_top/ads1292_filter/iir_lpf/n1127)
Shielded 100% side-wall of (khu_sensor_top/ads1292_filter/iir_lpf/n1193)
Shielded 80% side-wall of (khu_sensor_top/ads1292_filter/iir_lpf/n1198)
Shielded 100% side-wall of (khu_sensor_top/ads1292_filter/iir_lpf/n1292)
Shielded 100% side-wall of (khu_sensor_top/ads1292_filter/iir_lpf/mult_2/n1160)
Shielded 100% side-wall of (khu_sensor_top/ads1292_filter/iir_lpf/mult_2/n1181)
Shielded 100% side-wall of (khu_sensor_top/ads1292_filter/iir_lpf/mult_2/n1206)
Shielded 100% side-wall of (khu_sensor_top/ads1292_filter/iir_lpf/mult_2/n1208)
Shielded 100% side-wall of (khu_sensor_top/ads1292_filter/iir_lpf/mult_2/n1209)
Shielded 100% side-wall of (khu_sensor_top/ads1292_filter/iir_lpf/mult_2/n1219)
Shielded 100% side-wall of (khu_sensor_top/ads1292_filter/iir_notch/add_1/n1408)
Shielded 100% side-wall of (khu_sensor_top/ads1292_filter/iir_notch/add_1/n1433)
Shielded 100% side-wall of (khu_sensor_top/ads1292_filter/iir_notch/add_1/n1461)
Shielded 100% side-wall of (khu_sensor_top/ads1292_filter/iir_notch/add_1/n1488)
Shielded 100% side-wall of (khu_sensor_top/ads1292_filter/iir_notch/add_1/n1491)
Shielded 100% side-wall of (khu_sensor_top/ads1292_filter/iir_notch/add_1/n1492)
Shielded 100% side-wall of (khu_sensor_top/ads1292_filter/iir_notch/add_1/n1522)
Shielded <1% side-wall of (khu_sensor_top/ads1292_filter/iir_notch/add_1/n1524)
Shielded 100% side-wall of (khu_sensor_top/ads1292_filter/iir_notch/add_2/n1371)
Shielded 16% side-wall of (khu_sensor_top/ads1292_filter/iir_notch/add_2/n1388)
Shielded 100% side-wall of (khu_sensor_top/ads1292_filter/iir_notch/add_2/n1413)
Shielded 100% side-wall of (khu_sensor_top/ads1292_filter/iir_notch/add_2/n1468)
Shielded 100% side-wall of (khu_sensor_top/ads1292_filter/iir_notch/add_2/n1471)
Shielded 100% side-wall of (khu_sensor_top/ads1292_filter/iir_notch/add_2/n1472)
Shielded 100% side-wall of (khu_sensor_top/ads1292_filter/iir_notch/add_2/n1502)
Shielded 100% side-wall of (khu_sensor_top/ads1292_filter/iir_notch/mult_1/n1177)
Shielded 100% side-wall of (khu_sensor_top/ads1292_filter/iir_notch/mult_1/n1201)
Shielded 100% side-wall of (khu_sensor_top/ads1292_filter/iir_notch/mult_1/n1225)
Shielded 100% side-wall of (khu_sensor_top/ads1292_filter/iir_notch/mult_1/n1227)
Shielded 100% side-wall of (khu_sensor_top/ads1292_filter/iir_notch/mult_1/n1228)
Shielded 100% side-wall of (khu_sensor_top/ads1292_filter/iir_notch/mult_1/n1238)
Shielded 100% side-wall of (khu_sensor_top/ads1292_filter/iir_notch/mult_1/n1240)
Shielded 100% side-wall of (khu_sensor_top/ads1292_filter/iir_notch/mult_2/n1160)
Shielded 100% side-wall of (khu_sensor_top/ads1292_filter/iir_notch/mult_2/n1181)
Shielded 100% side-wall of (khu_sensor_top/ads1292_filter/iir_notch/mult_2/n1205)
Shielded 100% side-wall of (khu_sensor_top/ads1292_filter/iir_notch/mult_2/n1207)
Shielded <1% side-wall of (khu_sensor_top/ads1292_filter/iir_notch/mult_2/n1208)
Shielded 100% side-wall of (khu_sensor_top/ads1292_filter/iir_notch/mult_2/n1218)
Shielded <1% side-wall of (khu_sensor_top/ads1292_filter/iir_notch/mult_3/n1176)
Shielded 100% side-wall of (khu_sensor_top/ads1292_filter/iir_notch/mult_3/n1201)
Shielded <1% side-wall of (khu_sensor_top/ads1292_filter/iir_notch/mult_3/n1226)
Shielded 100% side-wall of (khu_sensor_top/ads1292_filter/iir_notch/mult_3/n1228)
Shielded <1% side-wall of (khu_sensor_top/ads1292_filter/iir_notch/mult_3/n1229)
Shielded 100% side-wall of (khu_sensor_top/ads1292_filter/iir_notch/mult_3/n1239)
Shielded 100% side-wall of (khu_sensor_top/ads1292_filter/iir_notch/n2078)
Shielded 100% side-wall of (khu_sensor_top/ads1292_filter/iir_notch/n2147)
Shielded 77% side-wall of (khu_sensor_top/ads1292_filter/iir_notch/n2196)
Shielded 100% side-wall of (khu_sensor_top/ads1292_filter/iir_notch/n2211)
Shielded 100% side-wall of (khu_sensor_top/ads1292_filter/iir_notch/n2267)
Shielded 100% side-wall of (khu_sensor_top/ads1292_filter/iir_notch/n2369)
Shielded 100% side-wall of (khu_sensor_top/ads1292_filter/iir_hpf/n98)
Shielded 100% side-wall of (khu_sensor_top/ads1292_filter/iir_hpf/n67)
Shielded 95% side-wall of (khu_sensor_top/ads1292_filter/iir_hpf/n199)
Shielded 100% side-wall of (khu_sensor_top/ads1292_filter/iir_hpf/add/n1496)
Shielded 100% side-wall of (khu_sensor_top/ads1292_filter/iir_hpf/add/n1526)
Shielded <1% side-wall of (khu_sensor_top/ads1292_filter/iir_hpf/add/n1395)
Shielded <1% side-wall of (khu_sensor_top/ads1292_filter/iir_hpf/add/n1412)
Shielded 100% side-wall of (khu_sensor_top/ads1292_filter/iir_hpf/add/n1437)
Shielded 100% side-wall of (khu_sensor_top/ads1292_filter/iir_hpf/add/n1465)
Shielded 100% side-wall of (khu_sensor_top/ads1292_filter/iir_hpf/add/n1492)
Shielded 100% side-wall of (khu_sensor_top/ads1292_filter/iir_hpf/add/n1495)
Shielded 100% side-wall of (khu_sensor_top/ads1292_filter/iir_hpf/n309)
Shielded 94% side-wall of (khu_sensor_top/ads1292_filter/iir_hpf/n364)
Shielded 100% side-wall of (khu_sensor_top/ads1292_filter/iir_hpf/n430)
Shielded 100% side-wall of (khu_sensor_top/ads1292_filter/iir_hpf/n434)
Shielded <1% side-wall of (khu_sensor_top/ads1292_filter/iir_hpf/mult/n1133)
Shielded 100% side-wall of (khu_sensor_top/ads1292_filter/iir_hpf/mult/n1156)
Shielded 100% side-wall of (khu_sensor_top/ads1292_filter/iir_hpf/mult/n1171)
Shielded <1% side-wall of (khu_sensor_top/ads1292_filter/iir_hpf/mult/n1195)
Shielded 100% side-wall of (khu_sensor_top/ads1292_filter/iir_hpf/mult/n1197)
Shielded 100% side-wall of (khu_sensor_top/ads1292_filter/iir_hpf/mult/n1198)
Shielded 100% side-wall of (khu_sensor_top/ads1292_filter/iir_hpf/mult/n1208)
Shielded 25% side-wall of (khu_sensor_top/ads1292_filter/iir_hpf/mult/n1210)
Shielded 100% side-wall of (khu_sensor_top/ads1292_filter/converter_f2i/n429)
Shielded 100% side-wall of (khu_sensor_top/ads1292_filter/converter_f2i/n430)
Shielded <1% side-wall of (khu_sensor_top/ads1292_filter/converter_f2i/n455)
Shielded 100% side-wall of (khu_sensor_top/ads1292_filter/n107)
Shielded 100% side-wall of (khu_sensor_top/ads1292_filter/n123)
Shielded 100% side-wall of (khu_sensor_top/ads1292_filter/n125)
Shielded 100% side-wall of (khu_sensor_top/ads1292_filter/n127)
Shielded <1% side-wall of (khu_sensor_top/ads1292_controller/spi_master/n151)
Shielded 100% side-wall of (khu_sensor_top/ads1292_controller/spi_master/n139)
Shielded 13% side-wall of (khu_sensor_top/ads1292_controller/spi_master/n143)
Shielded 100% side-wall of (w_clk_p)
Shielded 100% side-wall of (khu_sensor_top/ads1292_controller/n527)
Shielded 100% side-wall of (khu_sensor_top/ads1292_controller/n532)
Shielded <1% side-wall of (khu_sensor_top/ads1292_controller/n534)
Shielded 100% side-wall of (khu_sensor_top/ads1292_controller/n562)
Shielded 383 nets with average ratio as follows.
	1) 86.70%		(total shield ratio/number of shielded nets)
	2) 94.22%		(total shield length/total shielded net length)

**********************************

