 
****************************************
Report : net
        -connections
        -verbose
Design : khu_sensor_pad
Version: F-2011.09-SP5-3
Date   : Sat Sep  5 05:21:09 2020
****************************************


net 'net2451':
    dont_touch:         FALSE               
    pin capacitance:    0.05036
    wire capacitance:   0
    total capacitance:  0.05036
    wire resistance:    0
    number of drivers:  1
    number of loads:    1
    number of pins:     1

Connections for net 'net2451':

    Driver Pins         Type                Pin Cap
    ------------        ----------------    --------
    C1/**logic_0**      Logic Zero          0

    Load Pins           Type                Pin Cap
    ------------        ----------------    --------
    pad1/PI             Input Pin (phsoscm3)
                                            0.05036

net 'w_rstn':
    dont_touch:         TRUE                
    pin capacitance:    0
    wire capacitance:   0
    total capacitance:  0
    wire resistance:    0
    number of drivers:  1
    number of loads:    2
    number of pins:     3

Connections for net 'w_rstn':

    Driver Pins         Type                Pin Cap
    ------------        ----------------    --------
    async_rstn_glitch_synchronizer/async_rstn_synchronizer/o_RSTN_reg/Q
                        Output Pin (fd2qd4_hd)
                                            0

    Load Pins           Type                Pin Cap
    ------------        ----------------    --------
    khu_sensor_top/async_rstn_glitch_synchronizer/__tmp100/B
                        Input Pin (or2d8_hd)
                                            0.007
    khu_sensor_top/async_rstn_glitch_synchronizer/eco_cell_2_3/A
                        Input Pin (nid1_hd) 0.00176

net 'w_rstn_p':
    dont_touch:         TRUE                
    pin capacitance:    0
    wire capacitance:   0
    total capacitance:  0
    wire resistance:    0
    number of drivers:  1
    number of loads:    2
    number of pins:     3

Connections for net 'w_rstn_p':

    Driver Pins         Type                Pin Cap
    ------------        ----------------    --------
    pad40/Y             Output Pin (phis)   0

    Load Pins           Type                Pin Cap
    ------------        ----------------    --------
    async_rstn_glitch_synchronizer/__tmp100/B
                        Input Pin (or2d8_hd)
                                            0.007
    async_rstn_glitch_synchronizer/eco_cell_2_3/A
                        Input Pin (nid1_hd) 0.00176

net 'w_mpr121_sda_in_p':
    dont_touch:         FALSE               
    pin capacitance:    0.00153
    wire capacitance:   0
    total capacitance:  0.00153
    wire resistance:    0
    number of drivers:  1
    number of loads:    1
    number of pins:     2

Connections for net 'w_mpr121_sda_in_p':

    Driver Pins         Type                Pin Cap
    ------------        ----------------    --------
    pad37/Y             Output Pin (phbct12)
                                            0

    Load Pins           Type                Pin Cap
    ------------        ----------------    --------
    khu_sensor_top/mpr121_controller/i2c_master/sda_i_reg_reg/D
                        Input Pin (fd1qd1_hd)
                                            0.00153

net 'w_mpr121_sda_out_p':
    dont_touch:         FALSE               
    pin capacitance:    0.04937
    wire capacitance:   0
    total capacitance:  0.04937
    wire resistance:    0
    number of drivers:  1
    number of loads:    3
    number of pins:     4

Connections for net 'w_mpr121_sda_out_p':

    Driver Pins         Type                Pin Cap
    ------------        ----------------    --------
    khu_sensor_top/mpr121_controller/i2c_master/sda_o_reg_reg/Q
                        Output Pin (fd1qd1_hd)
                                            0

    Load Pins           Type                Pin Cap
    ------------        ----------------    --------
    khu_sensor_top/mpr121_controller/i2c_master/U148/A
                        Input Pin (ao22d1_hd)
                                            0.0026
    khu_sensor_top/mpr121_controller/i2c_master/U167/A
                        Input Pin (ivd1_hd) 0.00207
    pad37/A             Input Pin (phbct12) 0.0447

net 'w_mpr121_sda_en_p':
    dont_touch:         FALSE               
    pin capacitance:    0.06143
    wire capacitance:   0
    total capacitance:  0.06143
    wire resistance:    0
    number of drivers:  1
    number of loads:    4
    number of pins:     5

Connections for net 'w_mpr121_sda_en_p':

    Driver Pins         Type                Pin Cap
    ------------        ----------------    --------
    khu_sensor_top/mpr121_controller/i2c_master/U167/Y
                        Output Pin (ivd1_hd)
                                            0

    Load Pins           Type                Pin Cap
    ------------        ----------------    --------
    khu_sensor_top/mpr121_controller/i2c_master/U127/B
                        Input Pin (oa211d1_hd)
                                            0.00285
    khu_sensor_top/mpr121_controller/i2c_master/U147/B
                        Input Pin (oa21d1_hd)
                                            0.00277
    khu_sensor_top/mpr121_controller/i2c_master/U166/A
                        Input Pin (nr2d1_hd)
                                            0.00237
    pad37/TN            Input Pin (phbct12) 0.05344

net 'w_mpr121_scl_en_p':
    dont_touch:         FALSE               
    pin capacitance:    0.00207
    wire capacitance:   0
    total capacitance:  0.00207
    wire resistance:    0
    number of drivers:  1
    number of loads:    1
    number of pins:     2

Connections for net 'w_mpr121_scl_en_p':

    Driver Pins         Type                Pin Cap
    ------------        ----------------    --------
    khu_sensor_top/mpr121_controller/i2c_master/U491/Y
                        Output Pin (nid1_hd)
                                            0

    Load Pins           Type                Pin Cap
    ------------        ----------------    --------
    U3/A                Input Pin (ivd1_hd) 0.00207

net 'w_mpr121_scl_in_p':
    dont_touch:         FALSE               
    pin capacitance:    0.00153
    wire capacitance:   0
    total capacitance:  0.00153
    wire resistance:    0
    number of drivers:  1
    number of loads:    1
    number of pins:     2

Connections for net 'w_mpr121_scl_in_p':

    Driver Pins         Type                Pin Cap
    ------------        ----------------    --------
    pad34/Y             Output Pin (phbct12)
                                            0

    Load Pins           Type                Pin Cap
    ------------        ----------------    --------
    khu_sensor_top/mpr121_controller/i2c_master/scl_i_reg_reg/D
                        Input Pin (fd1qd1_hd)
                                            0.00153

net 'w_mpr121_scl_out_p':
    dont_touch:         FALSE               
    pin capacitance:    0.05096
    wire capacitance:   0
    total capacitance:  0.05096
    wire resistance:    0
    number of drivers:  1
    number of loads:    4
    number of pins:     5

Connections for net 'w_mpr121_scl_out_p':

    Driver Pins         Type                Pin Cap
    ------------        ----------------    --------
    khu_sensor_top/mpr121_controller/i2c_master/scl_o_reg_reg/Q
                        Output Pin (fd1qd1_hd)
                                            0

    Load Pins           Type                Pin Cap
    ------------        ----------------    --------
    khu_sensor_top/mpr121_controller/i2c_master/U105/A
                        Input Pin (clknd2d1_hd)
                                            0.00205
    khu_sensor_top/mpr121_controller/i2c_master/U491/A
                        Input Pin (nid1_hd) 0.00176
    khu_sensor_top/mpr121_controller/i2c_master/U170/C
                        Input Pin (nd3d1_hd)
                                            0.00245
    pad34/A             Input Pin (phbct12) 0.0447

net '_5_net_':
    dont_touch:         FALSE               
    pin capacitance:    0.05344
    wire capacitance:   0
    total capacitance:  0.05344
    wire resistance:    0
    number of drivers:  1
    number of loads:    1
    number of pins:     2

Connections for net '_5_net_':

    Driver Pins         Type                Pin Cap
    ------------        ----------------    --------
    U3/Y                Output Pin (ivd1_hd)
                                            0

    Load Pins           Type                Pin Cap
    ------------        ----------------    --------
    pad34/TN            Input Pin (phbct12) 0.05344

net 'w_uart_rx_p':
    dont_touch:         FALSE               
    pin capacitance:    0.00147
    wire capacitance:   0
    total capacitance:  0.00147
    wire resistance:    0
    number of drivers:  1
    number of loads:    1
    number of pins:     2

Connections for net 'w_uart_rx_p':

    Driver Pins         Type                Pin Cap
    ------------        ----------------    --------
    pad29/Y             Output Pin (phic)   0

    Load Pins           Type                Pin Cap
    ------------        ----------------    --------
    khu_sensor_top/uart_controller/uart_rx/r_Rx_Data_R_reg/D
                        Input Pin (fd3qd1_hd)
                                            0.00147

net 'w_uart_tx_p':
    dont_touch:         FALSE               
    pin capacitance:    0.04704
    wire capacitance:   0
    total capacitance:  0.04704
    wire resistance:    0
    number of drivers:  1
    number of loads:    2
    number of pins:     3

Connections for net 'w_uart_tx_p':

    Driver Pins         Type                Pin Cap
    ------------        ----------------    --------
    khu_sensor_top/uart_controller/uart_tx/o_Tx_Serial_reg/Q
                        Output Pin (fd3qd1_hd)
                                            0

    Load Pins           Type                Pin Cap
    ------------        ----------------    --------
    khu_sensor_top/uart_controller/uart_tx/U27/C
                        Input Pin (oa21d1_hd)
                                            0.00242
    pad27/A             Input Pin (phob12)  0.04462

net 'w_ads1292_drdy_p':
    dont_touch:         FALSE               
    pin capacitance:    0.01016
    wire capacitance:   0
    total capacitance:  0.01016
    wire resistance:    0
    number of drivers:  1
    number of loads:    4
    number of pins:     5

Connections for net 'w_ads1292_drdy_p':

    Driver Pins         Type                Pin Cap
    ------------        ----------------    --------
    pad20/Y             Output Pin (phic)   0

    Load Pins           Type                Pin Cap
    ------------        ----------------    --------
    khu_sensor_top/ads1292_controller/U104/A
                        Input Pin (nid1_hd) 0.00176
    khu_sensor_top/ads1292_controller/U308/A
                        Input Pin (oa211d1_hd)
                                            0.00272
    khu_sensor_top/ads1292_controller/U444/A
                        Input Pin (ao211d1_hd)
                                            0.00303
    khu_sensor_top/ads1292_controller/U531/B
                        Input Pin (ao22d1_hd)
                                            0.00265

net 'w_ads1292_mosi_p':
    dont_touch:         FALSE               
    pin capacitance:    0.04656
    wire capacitance:   0
    total capacitance:  0.04656
    wire resistance:    0
    number of drivers:  1
    number of loads:    2
    number of pins:     3

Connections for net 'w_ads1292_mosi_p':

    Driver Pins         Type                Pin Cap
    ------------        ----------------    --------
    khu_sensor_top/ads1292_controller/spi_master/o_SPI_MOSI_reg/Q
                        Output Pin (fd2qd1_hd)
                                            0

    Load Pins           Type                Pin Cap
    ------------        ----------------    --------
    khu_sensor_top/ads1292_controller/spi_master/U12/D1
                        Input Pin (mx2d1_hd)
                                            0.00194
    pad18/A             Input Pin (phob12)  0.04462

net 'w_ads1292_miso_p':
    dont_touch:         FALSE               
    pin capacitance:    0.00789
    wire capacitance:   0
    total capacitance:  0.00789
    wire resistance:    0
    number of drivers:  1
    number of loads:    4
    number of pins:     5

Connections for net 'w_ads1292_miso_p':

    Driver Pins         Type                Pin Cap
    ------------        ----------------    --------
    pad15/Y             Output Pin (phic)   0

    Load Pins           Type                Pin Cap
    ------------        ----------------    --------
    khu_sensor_top/ads1292_controller/spi_master/U25/A
                        Input Pin (nid1_hd) 0.00176
    khu_sensor_top/ads1292_controller/spi_master/U43/B
                        Input Pin (clknd2d1_hd)
                                            0.00204
    khu_sensor_top/ads1292_controller/spi_master/U116/B
                        Input Pin (clknd2d1_hd)
                                            0.00204
    khu_sensor_top/ads1292_controller/spi_master/U118/A
                        Input Pin (clknd2d1_hd)
                                            0.00205

net 'w_ads1292_sclk_p':
    dont_touch:         FALSE               
    pin capacitance:    0.04462
    wire capacitance:   0
    total capacitance:  0.04462
    wire resistance:    0
    number of drivers:  1
    number of loads:    1
    number of pins:     2

Connections for net 'w_ads1292_sclk_p':

    Driver Pins         Type                Pin Cap
    ------------        ----------------    --------
    khu_sensor_top/ads1292_controller/spi_master/o_SPI_Clk_reg/Q
                        Output Pin (fd2qd1_hd)
                                            0

    Load Pins           Type                Pin Cap
    ------------        ----------------    --------
    pad12/A             Input Pin (phob12)  0.04462

net 'w_ads1292_csn_p':
    dont_touch:         FALSE               
    pin capacitance:    0.04615
    wire capacitance:   0
    total capacitance:  0.04615
    wire resistance:    0
    number of drivers:  1
    number of loads:    2
    number of pins:     3

Connections for net 'w_ads1292_csn_p':

    Driver Pins         Type                Pin Cap
    ------------        ----------------    --------
    khu_sensor_top/ads1292_controller/o_SPI_CSN_reg/Q
                        Output Pin (fd3qd1_hd)
                                            0

    Load Pins           Type                Pin Cap
    ------------        ----------------    --------
    khu_sensor_top/ads1292_controller/U310/D
                        Input Pin (oa22ad1_hd)
                                            0.00153
    pad7/A              Input Pin (phob12)  0.04462

net 'w_ads1292_start_p':
    dont_touch:         FALSE               
    pin capacitance:    0.04711
    wire capacitance:   0
    total capacitance:  0.04711
    wire resistance:    0
    number of drivers:  1
    number of loads:    2
    number of pins:     3

Connections for net 'w_ads1292_start_p':

    Driver Pins         Type                Pin Cap
    ------------        ----------------    --------
    khu_sensor_top/ads1292_controller/o_ADS1292_START_reg/Q
                        Output Pin (fd2qd1_hd)
                                            0

    Load Pins           Type                Pin Cap
    ------------        ----------------    --------
    khu_sensor_top/ads1292_controller/U372/B
                        Input Pin (nr2d1_hd)
                                            0.00249
    pad5/A              Input Pin (phob12)  0.04462

net 'w_ads1292_reset_p':
    dont_touch:         FALSE               
    pin capacitance:    0.04656
    wire capacitance:   0
    total capacitance:  0.04656
    wire resistance:    0
    number of drivers:  1
    number of loads:    2
    number of pins:     3

Connections for net 'w_ads1292_reset_p':

    Driver Pins         Type                Pin Cap
    ------------        ----------------    --------
    khu_sensor_top/ads1292_controller/o_ADS1292_RESET_reg/Q
                        Output Pin (fd3qd1_hd)
                                            0

    Load Pins           Type                Pin Cap
    ------------        ----------------    --------
    khu_sensor_top/ads1292_controller/U68/D1
                        Input Pin (mx2d1_hd)
                                            0.00194
    pad3/A              Input Pin (phob12)  0.04462

net 'w_clk_p':
    dont_touch:         FALSE               
    pin capacitance:    0
    wire capacitance:   0
    total capacitance:  0
    wire resistance:    0
    number of drivers:  1
    number of loads:    0
    number of pins:     0

Connections for net 'w_clk_p':

    Driver Pins         Type                Pin Cap
    ------------        ----------------    --------
    C0/**logic_0**      Logic Zero          0

    Load Pins           Type                Pin Cap
    ------------        ----------------    --------

net 'ADS1292_CSN':
    dont_touch:         TRUE                
    pin capacitance:    0.01035
    wire capacitance:   0
    total capacitance:  0.01035
    wire resistance:    0
    number of drivers:  1
    number of loads:    1
    number of pins:     2

Connections for net 'ADS1292_CSN':

    Driver Pins         Type                Pin Cap
    ------------        ----------------    --------
    pad7/PAD            Output Pin (phob12) 0

    Load Pins           Type                Pin Cap
    ------------        ----------------    --------
    ADS1292_CSN         Output Port         0.01035

net 'ADS1292_START':
    dont_touch:         TRUE                
    pin capacitance:    0.01035
    wire capacitance:   0
    total capacitance:  0.01035
    wire resistance:    0
    number of drivers:  1
    number of loads:    1
    number of pins:     2

Connections for net 'ADS1292_START':

    Driver Pins         Type                Pin Cap
    ------------        ----------------    --------
    pad5/PAD            Output Pin (phob12) 0

    Load Pins           Type                Pin Cap
    ------------        ----------------    --------
    ADS1292_START       Output Port         0.01035

net 'ADS1292_RESET':
    dont_touch:         TRUE                
    pin capacitance:    0.01035
    wire capacitance:   0
    total capacitance:  0.01035
    wire resistance:    0
    number of drivers:  1
    number of loads:    1
    number of pins:     2

Connections for net 'ADS1292_RESET':

    Driver Pins         Type                Pin Cap
    ------------        ----------------    --------
    pad3/PAD            Output Pin (phob12) 0

    Load Pins           Type                Pin Cap
    ------------        ----------------    --------
    ADS1292_RESET       Output Port         0.01035

net 'ADS1292_DRDY':
    dont_touch:         TRUE                
    pin capacitance:    2.0916
    wire capacitance:   0
    total capacitance:  2.0916
    wire resistance:    0
    number of drivers:  1
    number of loads:    1
    number of pins:     2

Connections for net 'ADS1292_DRDY':

    Driver Pins         Type                Pin Cap
    ------------        ----------------    --------
    ADS1292_DRDY        Input Port          0

    Load Pins           Type                Pin Cap
    ------------        ----------------    --------
    pad20/PAD           Input Pin (phic)    2.0916

net 'ADS1292_MOSI':
    dont_touch:         TRUE                
    pin capacitance:    0.01035
    wire capacitance:   0
    total capacitance:  0.01035
    wire resistance:    0
    number of drivers:  1
    number of loads:    1
    number of pins:     2

Connections for net 'ADS1292_MOSI':

    Driver Pins         Type                Pin Cap
    ------------        ----------------    --------
    pad18/PAD           Output Pin (phob12) 0

    Load Pins           Type                Pin Cap
    ------------        ----------------    --------
    ADS1292_MOSI        Output Port         0.01035

net 'ADS1292_MISO':
    dont_touch:         TRUE                
    pin capacitance:    2.0916
    wire capacitance:   0
    total capacitance:  2.0916
    wire resistance:    0
    number of drivers:  1
    number of loads:    1
    number of pins:     2

Connections for net 'ADS1292_MISO':

    Driver Pins         Type                Pin Cap
    ------------        ----------------    --------
    ADS1292_MISO        Input Port          0

    Load Pins           Type                Pin Cap
    ------------        ----------------    --------
    pad15/PAD           Input Pin (phic)    2.0916

net 'ADS1292_SCLK':
    dont_touch:         TRUE                
    pin capacitance:    0.01035
    wire capacitance:   0
    total capacitance:  0.01035
    wire resistance:    0
    number of drivers:  1
    number of loads:    1
    number of pins:     2

Connections for net 'ADS1292_SCLK':

    Driver Pins         Type                Pin Cap
    ------------        ----------------    --------
    pad12/PAD           Output Pin (phob12) 0

    Load Pins           Type                Pin Cap
    ------------        ----------------    --------
    ADS1292_SCLK        Output Port         0.01035

net 'MPR121_SDA':
    dont_touch:         TRUE                
    pin capacitance:    2.0051
    wire capacitance:   0
    total capacitance:  2.0051
    wire resistance:    0
    number of drivers:  2
    number of loads:    2
    number of pins:     2

Connections for net 'MPR121_SDA':

    Driver Pins         Type                Pin Cap
    ------------        ----------------    --------
    MPR121_SDA          Inout Port          0.01035
    pad37/PAD           Inout Pin (phbct12) 1.99475

    Load Pins           Type                Pin Cap
    ------------        ----------------    --------
    MPR121_SDA          Inout Port          0.01035
    pad37/PAD           Inout Pin (phbct12) 1.99475

net 'MPR121_SCL':
    dont_touch:         TRUE                
    pin capacitance:    2.0051
    wire capacitance:   0
    total capacitance:  2.0051
    wire resistance:    0
    number of drivers:  2
    number of loads:    2
    number of pins:     2

Connections for net 'MPR121_SCL':

    Driver Pins         Type                Pin Cap
    ------------        ----------------    --------
    MPR121_SCL          Inout Port          0.01035
    pad34/PAD           Inout Pin (phbct12) 1.99475

    Load Pins           Type                Pin Cap
    ------------        ----------------    --------
    MPR121_SCL          Inout Port          0.01035
    pad34/PAD           Inout Pin (phbct12) 1.99475

net 'UART_TXD':
    dont_touch:         TRUE                
    pin capacitance:    0.01035
    wire capacitance:   0
    total capacitance:  0.01035
    wire resistance:    0
    number of drivers:  1
    number of loads:    1
    number of pins:     2

Connections for net 'UART_TXD':

    Driver Pins         Type                Pin Cap
    ------------        ----------------    --------
    pad27/PAD           Output Pin (phob12) 0

    Load Pins           Type                Pin Cap
    ------------        ----------------    --------
    UART_TXD            Output Port         0.01035

net 'UART_RXD':
    dont_touch:         TRUE                
    pin capacitance:    2.0916
    wire capacitance:   0
    total capacitance:  2.0916
    wire resistance:    0
    number of drivers:  1
    number of loads:    1
    number of pins:     2

Connections for net 'UART_RXD':

    Driver Pins         Type                Pin Cap
    ------------        ----------------    --------
    UART_RXD            Input Port          0

    Load Pins           Type                Pin Cap
    ------------        ----------------    --------
    pad29/PAD           Input Pin (phic)    2.0916

net 'CLK_OUT':
    dont_touch:         TRUE                
    pin capacitance:    0
    wire capacitance:   0
    total capacitance:  0
    wire resistance:    0
    number of drivers:  1
    number of loads:    1
    number of pins:     2

Connections for net 'CLK_OUT':

    Driver Pins         Type                Pin Cap
    ------------        ----------------    --------
    pad1/PADY           Output Pin (phsoscm3)
                                            0

    Load Pins           Type                Pin Cap
    ------------        ----------------    --------
    CLK_OUT             Output Port         0.01035

net 'i_RSTN':
    dont_touch:         TRUE                
    pin capacitance:    0
    wire capacitance:   0
    total capacitance:  0
    wire resistance:    0
    number of drivers:  1
    number of loads:    1
    number of pins:     2

Connections for net 'i_RSTN':

    Driver Pins         Type                Pin Cap
    ------------        ----------------    --------
    i_RSTN              Input Port          0

    Load Pins           Type                Pin Cap
    ------------        ----------------    --------
    pad40/PAD           Input Pin (phis)    2.13795

net 'i_CLK':
    dont_touch:         TRUE                
    pin capacitance:    0
    wire capacitance:   0
    total capacitance:  0
    wire resistance:    0
    number of drivers:  1
    number of loads:    3
    number of pins:     4

Connections for net 'i_CLK':

    Driver Pins         Type                Pin Cap
    ------------        ----------------    --------
    i_CLK               Input Port          0

    Load Pins           Type                Pin Cap
    ------------        ----------------    --------
    async_rstn_glitch_synchronizer/async_rstn_synchronizer/r_ff_reg/CK
                        Input Pin (fd2qd4_hd)
                                            0.00336
    async_rstn_glitch_synchronizer/async_rstn_synchronizer/o_RSTN_reg/CK
                        Input Pin (fd2qd4_hd)
                                            0.00336
    pad1/PADA           Input Pin (phsoscm3)
                                            0.0509

net '*Logic0*':
    dont_touch:         FALSE               
    pin capacitance:    0.40194
    wire capacitance:   0
    total capacitance:  0.40194
    wire resistance:    0
    number of drivers:  1
    number of loads:    8
    number of pins:     8

Connections for net '*Logic0*':

    Driver Pins         Type                Pin Cap
    ------------        ----------------    --------
    U2/**logic_0**      Logic Zero          0

    Load Pins           Type                Pin Cap
    ------------        ----------------    --------
    pad40/PI            Input Pin (phis)    0.05167
    pad37/EN            Input Pin (phbct12) 0.04581
    pad37/PI            Input Pin (phbct12) 0.05182
    pad34/EN            Input Pin (phbct12) 0.04581
    pad34/PI            Input Pin (phbct12) 0.05182
    pad29/PI            Input Pin (phic)    0.05167
    pad20/PI            Input Pin (phic)    0.05167
    pad15/PI            Input Pin (phic)    0.05167

net '*Logic1*':
    dont_touch:         FALSE               
    pin capacitance:    0.04331
    wire capacitance:   0
    total capacitance:  0.04331
    wire resistance:    0
    number of drivers:  1
    number of loads:    1
    number of pins:     1

Connections for net '*Logic1*':

    Driver Pins         Type                Pin Cap
    ------------        ----------------    --------
    U1/**logic_1**      Logic One           0

    Load Pins           Type                Pin Cap
    ------------        ----------------    --------
    pad1/E              Input Pin (phsoscm3)
                                            0.04331
1
