 
****************************************
Report : timing
        -path full
        -delay max
        -input_pins
        -max_paths 1
Design : khu_sensor_pad
Version: L-2016.03-SP5-5
Date   : Sat Nov 14 04:41:02 2020
****************************************

 * Some/all delay information is back-annotated.

 # A fanout number of 1000 was used for high fanout net computations.

Operating Conditions: V105WTP1250   Library: std150e_wst_105_p125
Wire Load Model Mode: enclosed

  Startpoint: UART_RXD (input port clocked by clk)
  Endpoint: khu_sensor_top/uart_controller/uart_rx/r_Rx_Data_R_reg
            (rising edge-triggered flip-flop clocked by clk_half)
  Path Group: REGIN
  Path Type: max

  Point                                                   Incr       Path
  --------------------------------------------------------------------------
  clock clk (rise edge)                                  12.00      12.00
  clock network delay (ideal)                             0.75      12.75
  input external delay                                    0.35      13.10 f
  UART_RXD (in)                                           0.00      13.10 f
  pad29/PAD (phic)                                        0.00      13.10 f
  pad29/Y (phic)                                          1.31      14.41 f
  khu_sensor_top/UART_RXD (khu_sensor_top)                0.00      14.41 f
  khu_sensor_top/uart_controller/i_UART_RXD (uart_controller)
                                                          0.00      14.41 f
  khu_sensor_top/uart_controller/uart_rx/i_Rx_Serial (uart_rx)
                                                          0.00      14.41 f
  khu_sensor_top/uart_controller/uart_rx/r_Rx_Data_R_reg/D (fd3qd1_hd)
                                                          0.00      14.41 f
  data arrival time                                                 14.41

  clock clk_half (rise edge)                             24.00      24.00
  clock network delay (ideal)                             0.75      24.75
  clock uncertainty                                      -1.68      23.07
  khu_sensor_top/uart_controller/uart_rx/r_Rx_Data_R_reg/CK (fd3qd1_hd)
                                                          0.00      23.07 r
  library setup time                                     -0.04      23.03
  data required time                                                23.03
  --------------------------------------------------------------------------
  data required time                                                23.03
  data arrival time                                                -14.41
  --------------------------------------------------------------------------
  slack (MET)                                                        8.62


  Startpoint: khu_sensor_top/mpr121_controller/i2c_master/sda_o_reg_reg
              (rising edge-triggered flip-flop clocked by clk)
  Endpoint: MPR121_SDA (output port clocked by clk)
  Path Group: REGOUT
  Path Type: max

  Point                                                   Incr       Path
  --------------------------------------------------------------------------
  clock clk (rise edge)                                   0.00       0.00
  clock network delay (ideal)                             0.75       0.75
  khu_sensor_top/mpr121_controller/i2c_master/sda_o_reg_reg/CK (fd1qd1_hd)
                                                          0.00 #     0.75 r
  khu_sensor_top/mpr121_controller/i2c_master/sda_o_reg_reg/Q (fd1qd1_hd)
                                                          0.61       1.36 f
  khu_sensor_top/mpr121_controller/i2c_master/U286/A (ivd1_hd)
                                                          0.00       1.36 f
  khu_sensor_top/mpr121_controller/i2c_master/U286/Y (ivd1_hd)
                                                          0.63       1.99 r
  khu_sensor_top/mpr121_controller/i2c_master/sda_t (i2c_master)
                                                          0.00       1.99 r
  khu_sensor_top/mpr121_controller/o_I2C_SDA_EN (mpr121_controller)
                                                          0.00       1.99 r
  khu_sensor_top/MPR121_SDA_EN (khu_sensor_top)           0.00       1.99 r
  pad37/TN (phbct12)                                      0.00       1.99 r
  pad37/PAD (phbct12)                                     2.92       4.91 r
  MPR121_SDA (inout)                                      0.00       4.91 r
  data arrival time                                                  4.91

  clock clk (rise edge)                                  12.00      12.00
  clock network delay (ideal)                             0.75      12.75
  clock uncertainty                                      -0.84      11.91
  output external delay                                  -0.50      11.41
  data required time                                                11.41
  --------------------------------------------------------------------------
  data required time                                                11.41
  data arrival time                                                 -4.91
  --------------------------------------------------------------------------
  slack (MET)                                                        6.50


  Startpoint: khu_sensor_top/ads1292_filter/iir_lpf/add/b_s_reg
              (rising edge-triggered flip-flop clocked by clk)
  Endpoint: khu_sensor_top/ads1292_filter/iir_lpf/add/sum_reg[27]
            (rising edge-triggered flip-flop clocked by clk)
  Path Group: clk
  Path Type: max

  Point                                                   Incr       Path
  --------------------------------------------------------------------------
  clock clk (rise edge)                                   0.00       0.00
  clock network delay (ideal)                             0.75       0.75
  khu_sensor_top/ads1292_filter/iir_lpf/add/b_s_reg/CK (fd1qd1_hd)
                                                          0.00 #     0.75 r
  khu_sensor_top/ads1292_filter/iir_lpf/add/b_s_reg/Q (fd1qd1_hd)
                                                          0.56       1.31 r
  khu_sensor_top/ads1292_filter/iir_lpf/add/U4/A (ivd1_hd)
                                                          0.00       1.31 r
  khu_sensor_top/ads1292_filter/iir_lpf/add/U4/Y (ivd1_hd)
                                                          0.14       1.44 f
  khu_sensor_top/ads1292_filter/iir_lpf/add/U16/D (ao22d2_hd)
                                                          0.00       1.44 f
  khu_sensor_top/ads1292_filter/iir_lpf/add/U16/Y (ao22d2_hd)
                                                          0.61       2.05 r
  khu_sensor_top/ads1292_filter/iir_lpf/add/U15/A (ivd1_hd)
                                                          0.00       2.05 r
  khu_sensor_top/ads1292_filter/iir_lpf/add/U15/Y (ivd1_hd)
                                                          0.33       2.38 f
  khu_sensor_top/ads1292_filter/iir_lpf/add/U3/B (nr2d6_hd)
                                                          0.00       2.38 f
  khu_sensor_top/ads1292_filter/iir_lpf/add/U3/Y (nr2d6_hd)
                                                          0.43       2.81 r
  khu_sensor_top/ads1292_filter/iir_lpf/add/U162/A (ivd8_hd)
                                                          0.00       2.81 r
  khu_sensor_top/ads1292_filter/iir_lpf/add/U162/Y (ivd8_hd)
                                                          0.29       3.10 f
  khu_sensor_top/ads1292_filter/iir_lpf/add/U793/D (ao22d1_hd)
                                                          0.00       3.10 f
  khu_sensor_top/ads1292_filter/iir_lpf/add/U793/Y (ao22d1_hd)
                                                          0.25       3.35 r
  khu_sensor_top/ads1292_filter/iir_lpf/add/DP_OP_46_236_7011/I2[0] (float_adder_3_DP_OP_46_236_7011_0)
                                                          0.00       3.35 r
  khu_sensor_top/ads1292_filter/iir_lpf/add/DP_OP_46_236_7011/U67/B (clkxo2d1_hd)
                                                          0.00       3.35 r
  khu_sensor_top/ads1292_filter/iir_lpf/add/DP_OP_46_236_7011/U67/Y (clkxo2d1_hd)
                                                          0.30       3.65 f
  khu_sensor_top/ads1292_filter/iir_lpf/add/DP_OP_46_236_7011/U28/CI (fad1_hd)
                                                          0.00       3.65 f
  khu_sensor_top/ads1292_filter/iir_lpf/add/DP_OP_46_236_7011/U28/CO (fad1_hd)
                                                          0.30       3.95 f
  khu_sensor_top/ads1292_filter/iir_lpf/add/DP_OP_46_236_7011/U27/CI (fad1_hd)
                                                          0.00       3.95 f
  khu_sensor_top/ads1292_filter/iir_lpf/add/DP_OP_46_236_7011/U27/CO (fad1_hd)
                                                          0.31       4.26 f
  khu_sensor_top/ads1292_filter/iir_lpf/add/DP_OP_46_236_7011/U26/CI (fad1_hd)
                                                          0.00       4.26 f
  khu_sensor_top/ads1292_filter/iir_lpf/add/DP_OP_46_236_7011/U26/CO (fad1_hd)
                                                          0.31       4.56 f
  khu_sensor_top/ads1292_filter/iir_lpf/add/DP_OP_46_236_7011/U25/CI (fad1_hd)
                                                          0.00       4.56 f
  khu_sensor_top/ads1292_filter/iir_lpf/add/DP_OP_46_236_7011/U25/CO (fad1_hd)
                                                          0.31       4.87 f
  khu_sensor_top/ads1292_filter/iir_lpf/add/DP_OP_46_236_7011/U24/CI (fad1_hd)
                                                          0.00       4.87 f
  khu_sensor_top/ads1292_filter/iir_lpf/add/DP_OP_46_236_7011/U24/CO (fad1_hd)
                                                          0.31       5.18 f
  khu_sensor_top/ads1292_filter/iir_lpf/add/DP_OP_46_236_7011/U23/CI (fad1_hd)
                                                          0.00       5.18 f
  khu_sensor_top/ads1292_filter/iir_lpf/add/DP_OP_46_236_7011/U23/CO (fad1_hd)
                                                          0.31       5.48 f
  khu_sensor_top/ads1292_filter/iir_lpf/add/DP_OP_46_236_7011/U22/CI (fad1_hd)
                                                          0.00       5.48 f
  khu_sensor_top/ads1292_filter/iir_lpf/add/DP_OP_46_236_7011/U22/CO (fad1_hd)
                                                          0.31       5.79 f
  khu_sensor_top/ads1292_filter/iir_lpf/add/DP_OP_46_236_7011/U21/CI (fad1_hd)
                                                          0.00       5.79 f
  khu_sensor_top/ads1292_filter/iir_lpf/add/DP_OP_46_236_7011/U21/CO (fad1_hd)
                                                          0.31       6.10 f
  khu_sensor_top/ads1292_filter/iir_lpf/add/DP_OP_46_236_7011/U20/CI (fad1_hd)
                                                          0.00       6.10 f
  khu_sensor_top/ads1292_filter/iir_lpf/add/DP_OP_46_236_7011/U20/CO (fad1_hd)
                                                          0.33       6.42 f
  khu_sensor_top/ads1292_filter/iir_lpf/add/DP_OP_46_236_7011/U75/CI (fad2_hd)
                                                          0.00       6.42 f
  khu_sensor_top/ads1292_filter/iir_lpf/add/DP_OP_46_236_7011/U75/CO (fad2_hd)
                                                          0.25       6.67 f
  khu_sensor_top/ads1292_filter/iir_lpf/add/DP_OP_46_236_7011/U74/CI (fad2_hd)
                                                          0.00       6.67 f
  khu_sensor_top/ads1292_filter/iir_lpf/add/DP_OP_46_236_7011/U74/CO (fad2_hd)
                                                          0.23       6.90 f
  khu_sensor_top/ads1292_filter/iir_lpf/add/DP_OP_46_236_7011/U73/CI (fad2_hd)
                                                          0.00       6.90 f
  khu_sensor_top/ads1292_filter/iir_lpf/add/DP_OP_46_236_7011/U73/CO (fad2_hd)
                                                          0.22       7.12 f
  khu_sensor_top/ads1292_filter/iir_lpf/add/DP_OP_46_236_7011/U16/CI (fad1_hd)
                                                          0.00       7.12 f
  khu_sensor_top/ads1292_filter/iir_lpf/add/DP_OP_46_236_7011/U16/CO (fad1_hd)
                                                          0.31       7.43 f
  khu_sensor_top/ads1292_filter/iir_lpf/add/DP_OP_46_236_7011/U72/CI (fad2_hd)
                                                          0.00       7.43 f
  khu_sensor_top/ads1292_filter/iir_lpf/add/DP_OP_46_236_7011/U72/CO (fad2_hd)
                                                          0.25       7.68 f
  khu_sensor_top/ads1292_filter/iir_lpf/add/DP_OP_46_236_7011/U71/CI (fad2_hd)
                                                          0.00       7.68 f
  khu_sensor_top/ads1292_filter/iir_lpf/add/DP_OP_46_236_7011/U71/CO (fad2_hd)
                                                          0.22       7.90 f
  khu_sensor_top/ads1292_filter/iir_lpf/add/DP_OP_46_236_7011/U78/CI (fad1_hd)
                                                          0.00       7.90 f
  khu_sensor_top/ads1292_filter/iir_lpf/add/DP_OP_46_236_7011/U78/CO (fad1_hd)
                                                          0.29       8.19 f
  khu_sensor_top/ads1292_filter/iir_lpf/add/DP_OP_46_236_7011/U12/CI (fad1_hd)
                                                          0.00       8.19 f
  khu_sensor_top/ads1292_filter/iir_lpf/add/DP_OP_46_236_7011/U12/CO (fad1_hd)
                                                          0.31       8.50 f
  khu_sensor_top/ads1292_filter/iir_lpf/add/DP_OP_46_236_7011/U11/CI (fad1_hd)
                                                          0.00       8.50 f
  khu_sensor_top/ads1292_filter/iir_lpf/add/DP_OP_46_236_7011/U11/CO (fad1_hd)
                                                          0.31       8.80 f
  khu_sensor_top/ads1292_filter/iir_lpf/add/DP_OP_46_236_7011/U10/CI (fad1_hd)
                                                          0.00       8.80 f
  khu_sensor_top/ads1292_filter/iir_lpf/add/DP_OP_46_236_7011/U10/CO (fad1_hd)
                                                          0.31       9.11 f
  khu_sensor_top/ads1292_filter/iir_lpf/add/DP_OP_46_236_7011/U9/CI (fad1_hd)
                                                          0.00       9.11 f
  khu_sensor_top/ads1292_filter/iir_lpf/add/DP_OP_46_236_7011/U9/CO (fad1_hd)
                                                          0.31       9.42 f
  khu_sensor_top/ads1292_filter/iir_lpf/add/DP_OP_46_236_7011/U8/CI (fad1_hd)
                                                          0.00       9.42 f
  khu_sensor_top/ads1292_filter/iir_lpf/add/DP_OP_46_236_7011/U8/CO (fad1_hd)
                                                          0.31       9.72 f
  khu_sensor_top/ads1292_filter/iir_lpf/add/DP_OP_46_236_7011/U7/CI (fad1_hd)
                                                          0.00       9.72 f
  khu_sensor_top/ads1292_filter/iir_lpf/add/DP_OP_46_236_7011/U7/CO (fad1_hd)
                                                          0.31      10.03 f
  khu_sensor_top/ads1292_filter/iir_lpf/add/DP_OP_46_236_7011/U6/CI (fad1_hd)
                                                          0.00      10.03 f
  khu_sensor_top/ads1292_filter/iir_lpf/add/DP_OP_46_236_7011/U6/CO (fad1_hd)
                                                          0.33      10.36 f
  khu_sensor_top/ads1292_filter/iir_lpf/add/DP_OP_46_236_7011/U70/CI (fad2_hd)
                                                          0.00      10.36 f
  khu_sensor_top/ads1292_filter/iir_lpf/add/DP_OP_46_236_7011/U70/CO (fad2_hd)
                                                          0.25      10.60 f
  khu_sensor_top/ads1292_filter/iir_lpf/add/DP_OP_46_236_7011/U69/CI (fad2_hd)
                                                          0.00      10.60 f
  khu_sensor_top/ads1292_filter/iir_lpf/add/DP_OP_46_236_7011/U69/CO (fad2_hd)
                                                          0.22      10.82 f
  khu_sensor_top/ads1292_filter/iir_lpf/add/DP_OP_46_236_7011/U77/CI (fad1_hd)
                                                          0.00      10.82 f
  khu_sensor_top/ads1292_filter/iir_lpf/add/DP_OP_46_236_7011/U77/CO (fad1_hd)
                                                          0.31      11.13 f
  khu_sensor_top/ads1292_filter/iir_lpf/add/DP_OP_46_236_7011/U68/CI (fad2_hd)
                                                          0.00      11.13 f
  khu_sensor_top/ads1292_filter/iir_lpf/add/DP_OP_46_236_7011/U68/CO (fad2_hd)
                                                          0.24      11.38 f
  khu_sensor_top/ads1292_filter/iir_lpf/add/DP_OP_46_236_7011/U79/B (xo2d1_hd)
                                                          0.00      11.38 f
  khu_sensor_top/ads1292_filter/iir_lpf/add/DP_OP_46_236_7011/U79/Y (xo2d1_hd)
                                                          0.29      11.66 f
  khu_sensor_top/ads1292_filter/iir_lpf/add/DP_OP_46_236_7011/O1[27] (float_adder_3_DP_OP_46_236_7011_0)
                                                          0.00      11.66 f
  khu_sensor_top/ads1292_filter/iir_lpf/add/sum_reg[27]/D (fd1eqd1_hd)
                                                          0.00      11.66 f
  data arrival time                                                 11.66

  clock clk (rise edge)                                  12.00      12.00
  clock network delay (ideal)                             0.75      12.75
  clock uncertainty                                      -0.84      11.91
  khu_sensor_top/ads1292_filter/iir_lpf/add/sum_reg[27]/CK (fd1eqd1_hd)
                                                          0.00      11.91 r
  library setup time                                     -0.22      11.69
  data required time                                                11.69
  --------------------------------------------------------------------------
  data required time                                                11.69
  data arrival time                                                -11.66
  --------------------------------------------------------------------------
  slack (MET)                                                        0.03


  Startpoint: khu_sensor_top/ads1292_filter/o_ADS1292_FILTERED_DATA_VALID_reg
              (rising edge-triggered flip-flop clocked by clk)
  Endpoint: khu_sensor_top/sensor_core/r_ads_ch2_data_out_reg[0]
            (rising edge-triggered flip-flop clocked by clk_half)
  Path Group: clk_half
  Path Type: max

  Point                                                   Incr       Path
  --------------------------------------------------------------------------
  clock clk (rise edge)                                  12.00      12.00
  clock network delay (ideal)                             0.75      12.75
  khu_sensor_top/ads1292_filter/o_ADS1292_FILTERED_DATA_VALID_reg/CK (fd2qd1_hd)
                                                          0.00 #    12.75 r
  khu_sensor_top/ads1292_filter/o_ADS1292_FILTERED_DATA_VALID_reg/Q (fd2qd1_hd)
                                                          0.40      13.15 f
  khu_sensor_top/ads1292_filter/o_ADS1292_FILTERED_DATA_VALID (ads1292_filter)
                                                          0.00      13.15 f
  khu_sensor_top/sensor_core/i_ADS1292_FILTERED_DATA_VALID (sensor_core)
                                                          0.00      13.15 f
  khu_sensor_top/sensor_core/U286/AN (nr2bd1_hd)          0.00      13.15 f
  khu_sensor_top/sensor_core/U286/Y (nr2bd1_hd)           0.20      13.36 f
  khu_sensor_top/sensor_core/U263/B (nr2d1_hd)            0.00      13.36 f
  khu_sensor_top/sensor_core/U263/Y (nr2d1_hd)            0.57      13.92 r
  khu_sensor_top/sensor_core/U262/A (nr2d1_hd)            0.00      13.92 r
  khu_sensor_top/sensor_core/U262/Y (nr2d1_hd)            0.50      14.42 f
  khu_sensor_top/sensor_core/U261/C (scg2d1_hd)           0.00      14.42 f
  khu_sensor_top/sensor_core/U261/Y (scg2d1_hd)           0.41      14.84 f
  khu_sensor_top/sensor_core/r_ads_ch2_data_out_reg[0]/D (fd2qd1_hd)
                                                          0.00      14.84 f
  data arrival time                                                 14.84

  clock clk_half (rise edge)                             24.00      24.00
  clock network delay (ideal)                             0.75      24.75
  clock uncertainty                                      -1.68      23.07
  khu_sensor_top/sensor_core/r_ads_ch2_data_out_reg[0]/CK (fd2qd1_hd)
                                                          0.00      23.07 r
  library setup time                                     -0.02      23.05
  data required time                                                23.05
  --------------------------------------------------------------------------
  data required time                                                23.05
  data arrival time                                                -14.84
  --------------------------------------------------------------------------
  slack (MET)                                                        8.21


1
