 
****************************************
Report : timing
        -path full
        -delay min
        -nworst 10
        -max_paths 10
Design : khu_sensor_pad
Version: F-2011.09-SP5-3
Date   : Sat Sep 12 01:21:36 2020
****************************************

 * Some/all delay information is back-annotated.

 # A fanout number of 1000 was used for high fanout net computations.

Operating Conditions: V105WTP1250   Library: std150e_wst_105_p125
Wire Load Model Mode: enclosed

  Startpoint: khu_sensor_top/ads1292_filter/iir_hpf/add/a_reg[31]
              (rising edge-triggered flip-flop clocked by clk)
  Endpoint: khu_sensor_top/ads1292_filter/iir_hpf/add/a_s_reg
            (rising edge-triggered flip-flop clocked by clk)
  Path Group: clk
  Path Type: min

  Point                                                   Incr       Path
  --------------------------------------------------------------------------
  clock clk (rise edge)                                   0.00       0.00
  clock network delay (ideal)                             0.75       0.75
  khu_sensor_top/ads1292_filter/iir_hpf/add/a_reg[31]/CK (fd1eqd1_hd)
                                                          0.00 #     0.75 r
  khu_sensor_top/ads1292_filter/iir_hpf/add/a_reg[31]/Q (fd1eqd1_hd)
                                                          0.36       1.11 f
  khu_sensor_top/ads1292_filter/iir_hpf/add/a_s_reg/D (fd1eqd1_hd)
                                                          0.00       1.11 f
  data arrival time                                                  1.11

  clock clk (rise edge)                                   0.00       0.00
  clock network delay (ideal)                             0.75       0.75
  khu_sensor_top/ads1292_filter/iir_hpf/add/a_s_reg/CK (fd1eqd1_hd)
                                                          0.00       0.75 r
  library hold time                                       0.01       0.76
  data required time                                                 0.76
  --------------------------------------------------------------------------
  data required time                                                 0.76
  data arrival time                                                 -1.11
  --------------------------------------------------------------------------
  slack (MET)                                                        0.35


  Startpoint: khu_sensor_top/ads1292_filter/iir_hpf/mult/b_reg[31]
              (rising edge-triggered flip-flop clocked by clk)
  Endpoint: khu_sensor_top/ads1292_filter/iir_hpf/mult/R_34
            (rising edge-triggered flip-flop clocked by clk)
  Path Group: clk
  Path Type: min

  Point                                                   Incr       Path
  --------------------------------------------------------------------------
  clock clk (rise edge)                                   0.00       0.00
  clock network delay (ideal)                             0.75       0.75
  khu_sensor_top/ads1292_filter/iir_hpf/mult/b_reg[31]/CK (fd1eqd1_hd)
                                                          0.00 #     0.75 r
  khu_sensor_top/ads1292_filter/iir_hpf/mult/b_reg[31]/Q (fd1eqd1_hd)
                                                          0.36       1.11 f
  khu_sensor_top/ads1292_filter/iir_hpf/mult/R_34/D (fd1eqd1_hd)
                                                          0.00       1.11 f
  data arrival time                                                  1.11

  clock clk (rise edge)                                   0.00       0.00
  clock network delay (ideal)                             0.75       0.75
  khu_sensor_top/ads1292_filter/iir_hpf/mult/R_34/CK (fd1eqd1_hd)
                                                          0.00       0.75 r
  library hold time                                       0.01       0.76
  data required time                                                 0.76
  --------------------------------------------------------------------------
  data required time                                                 0.76
  data arrival time                                                 -1.11
  --------------------------------------------------------------------------
  slack (MET)                                                        0.35


  Startpoint: khu_sensor_top/ads1292_filter/iir_lpf/add/a_reg[31]
              (rising edge-triggered flip-flop clocked by clk)
  Endpoint: khu_sensor_top/ads1292_filter/iir_lpf/add/a_s_reg
            (rising edge-triggered flip-flop clocked by clk)
  Path Group: clk
  Path Type: min

  Point                                                   Incr       Path
  --------------------------------------------------------------------------
  clock clk (rise edge)                                   0.00       0.00
  clock network delay (ideal)                             0.75       0.75
  khu_sensor_top/ads1292_filter/iir_lpf/add/a_reg[31]/CK (fd1eqd1_hd)
                                                          0.00 #     0.75 r
  khu_sensor_top/ads1292_filter/iir_lpf/add/a_reg[31]/Q (fd1eqd1_hd)
                                                          0.36       1.11 f
  khu_sensor_top/ads1292_filter/iir_lpf/add/a_s_reg/D (fd1eqd1_hd)
                                                          0.00       1.11 f
  data arrival time                                                  1.11

  clock clk (rise edge)                                   0.00       0.00
  clock network delay (ideal)                             0.75       0.75
  khu_sensor_top/ads1292_filter/iir_lpf/add/a_s_reg/CK (fd1eqd1_hd)
                                                          0.00       0.75 r
  library hold time                                       0.01       0.76
  data required time                                                 0.76
  --------------------------------------------------------------------------
  data required time                                                 0.76
  data arrival time                                                 -1.11
  --------------------------------------------------------------------------
  slack (MET)                                                        0.35


  Startpoint: khu_sensor_top/ads1292_filter/iir_lpf/mult_1/b_reg[31]
              (rising edge-triggered flip-flop clocked by clk)
  Endpoint: khu_sensor_top/ads1292_filter/iir_lpf/mult_1/R_4
            (rising edge-triggered flip-flop clocked by clk)
  Path Group: clk
  Path Type: min

  Point                                                   Incr       Path
  --------------------------------------------------------------------------
  clock clk (rise edge)                                   0.00       0.00
  clock network delay (ideal)                             0.75       0.75
  khu_sensor_top/ads1292_filter/iir_lpf/mult_1/b_reg[31]/CK (fd1eqd1_hd)
                                                          0.00 #     0.75 r
  khu_sensor_top/ads1292_filter/iir_lpf/mult_1/b_reg[31]/Q (fd1eqd1_hd)
                                                          0.36       1.11 f
  khu_sensor_top/ads1292_filter/iir_lpf/mult_1/R_4/D (fd1eqd1_hd)
                                                          0.00       1.11 f
  data arrival time                                                  1.11

  clock clk (rise edge)                                   0.00       0.00
  clock network delay (ideal)                             0.75       0.75
  khu_sensor_top/ads1292_filter/iir_lpf/mult_1/R_4/CK (fd1eqd1_hd)
                                                          0.00       0.75 r
  library hold time                                       0.01       0.76
  data required time                                                 0.76
  --------------------------------------------------------------------------
  data required time                                                 0.76
  data arrival time                                                 -1.11
  --------------------------------------------------------------------------
  slack (MET)                                                        0.35


  Startpoint: khu_sensor_top/ads1292_filter/iir_lpf/mult_2/R_50
              (rising edge-triggered flip-flop clocked by clk)
  Endpoint: khu_sensor_top/ads1292_filter/iir_lpf/mult_2/R_10
            (rising edge-triggered flip-flop clocked by clk)
  Path Group: clk
  Path Type: min

  Point                                                   Incr       Path
  --------------------------------------------------------------------------
  clock clk (rise edge)                                   0.00       0.00
  clock network delay (ideal)                             0.75       0.75
  khu_sensor_top/ads1292_filter/iir_lpf/mult_2/R_50/CK (fd1eqd1_hd)
                                                          0.00 #     0.75 r
  khu_sensor_top/ads1292_filter/iir_lpf/mult_2/R_50/Q (fd1eqd1_hd)
                                                          0.36       1.11 f
  khu_sensor_top/ads1292_filter/iir_lpf/mult_2/R_10/D (fd1eqd1_hd)
                                                          0.00       1.11 f
  data arrival time                                                  1.11

  clock clk (rise edge)                                   0.00       0.00
  clock network delay (ideal)                             0.75       0.75
  khu_sensor_top/ads1292_filter/iir_lpf/mult_2/R_10/CK (fd1eqd1_hd)
                                                          0.00       0.75 r
  library hold time                                       0.01       0.76
  data required time                                                 0.76
  --------------------------------------------------------------------------
  data required time                                                 0.76
  data arrival time                                                 -1.11
  --------------------------------------------------------------------------
  slack (MET)                                                        0.35


  Startpoint: khu_sensor_top/ads1292_filter/iir_notch/add_1/a_reg[31]
              (rising edge-triggered flip-flop clocked by clk)
  Endpoint: khu_sensor_top/ads1292_filter/iir_notch/add_1/a_s_reg
            (rising edge-triggered flip-flop clocked by clk)
  Path Group: clk
  Path Type: min

  Point                                                   Incr       Path
  --------------------------------------------------------------------------
  clock clk (rise edge)                                   0.00       0.00
  clock network delay (ideal)                             0.75       0.75
  khu_sensor_top/ads1292_filter/iir_notch/add_1/a_reg[31]/CK (fd1eqd1_hd)
                                                          0.00 #     0.75 r
  khu_sensor_top/ads1292_filter/iir_notch/add_1/a_reg[31]/Q (fd1eqd1_hd)
                                                          0.36       1.11 f
  khu_sensor_top/ads1292_filter/iir_notch/add_1/a_s_reg/D (fd1eqd1_hd)
                                                          0.00       1.11 f
  data arrival time                                                  1.11

  clock clk (rise edge)                                   0.00       0.00
  clock network delay (ideal)                             0.75       0.75
  khu_sensor_top/ads1292_filter/iir_notch/add_1/a_s_reg/CK (fd1eqd1_hd)
                                                          0.00       0.75 r
  library hold time                                       0.01       0.76
  data required time                                                 0.76
  --------------------------------------------------------------------------
  data required time                                                 0.76
  data arrival time                                                 -1.11
  --------------------------------------------------------------------------
  slack (MET)                                                        0.35


  Startpoint: khu_sensor_top/ads1292_filter/iir_notch/add_2/a_reg[31]
              (rising edge-triggered flip-flop clocked by clk)
  Endpoint: khu_sensor_top/ads1292_filter/iir_notch/add_2/a_s_reg
            (rising edge-triggered flip-flop clocked by clk)
  Path Group: clk
  Path Type: min

  Point                                                   Incr       Path
  --------------------------------------------------------------------------
  clock clk (rise edge)                                   0.00       0.00
  clock network delay (ideal)                             0.75       0.75
  khu_sensor_top/ads1292_filter/iir_notch/add_2/a_reg[31]/CK (fd1eqd1_hd)
                                                          0.00 #     0.75 r
  khu_sensor_top/ads1292_filter/iir_notch/add_2/a_reg[31]/Q (fd1eqd1_hd)
                                                          0.36       1.11 f
  khu_sensor_top/ads1292_filter/iir_notch/add_2/a_s_reg/D (fd1eqd1_hd)
                                                          0.00       1.11 f
  data arrival time                                                  1.11

  clock clk (rise edge)                                   0.00       0.00
  clock network delay (ideal)                             0.75       0.75
  khu_sensor_top/ads1292_filter/iir_notch/add_2/a_s_reg/CK (fd1eqd1_hd)
                                                          0.00       0.75 r
  library hold time                                       0.01       0.76
  data required time                                                 0.76
  --------------------------------------------------------------------------
  data required time                                                 0.76
  data arrival time                                                 -1.11
  --------------------------------------------------------------------------
  slack (MET)                                                        0.35


  Startpoint: khu_sensor_top/ads1292_filter/iir_notch/mult_1/R_51
              (rising edge-triggered flip-flop clocked by clk)
  Endpoint: khu_sensor_top/ads1292_filter/iir_notch/mult_1/R_16
            (rising edge-triggered flip-flop clocked by clk)
  Path Group: clk
  Path Type: min

  Point                                                   Incr       Path
  --------------------------------------------------------------------------
  clock clk (rise edge)                                   0.00       0.00
  clock network delay (ideal)                             0.75       0.75
  khu_sensor_top/ads1292_filter/iir_notch/mult_1/R_51/CK (fd1eqd1_hd)
                                                          0.00 #     0.75 r
  khu_sensor_top/ads1292_filter/iir_notch/mult_1/R_51/Q (fd1eqd1_hd)
                                                          0.36       1.11 f
  khu_sensor_top/ads1292_filter/iir_notch/mult_1/R_16/D (fd1eqd1_hd)
                                                          0.00       1.11 f
  data arrival time                                                  1.11

  clock clk (rise edge)                                   0.00       0.00
  clock network delay (ideal)                             0.75       0.75
  khu_sensor_top/ads1292_filter/iir_notch/mult_1/R_16/CK (fd1eqd1_hd)
                                                          0.00       0.75 r
  library hold time                                       0.01       0.76
  data required time                                                 0.76
  --------------------------------------------------------------------------
  data required time                                                 0.76
  data arrival time                                                 -1.11
  --------------------------------------------------------------------------
  slack (MET)                                                        0.35


  Startpoint: khu_sensor_top/ads1292_filter/iir_notch/mult_2/R_52
              (rising edge-triggered flip-flop clocked by clk)
  Endpoint: khu_sensor_top/ads1292_filter/iir_notch/mult_2/R_22
            (rising edge-triggered flip-flop clocked by clk)
  Path Group: clk
  Path Type: min

  Point                                                   Incr       Path
  --------------------------------------------------------------------------
  clock clk (rise edge)                                   0.00       0.00
  clock network delay (ideal)                             0.75       0.75
  khu_sensor_top/ads1292_filter/iir_notch/mult_2/R_52/CK (fd1eqd1_hd)
                                                          0.00 #     0.75 r
  khu_sensor_top/ads1292_filter/iir_notch/mult_2/R_52/Q (fd1eqd1_hd)
                                                          0.36       1.11 f
  khu_sensor_top/ads1292_filter/iir_notch/mult_2/R_22/D (fd1eqd1_hd)
                                                          0.00       1.11 f
  data arrival time                                                  1.11

  clock clk (rise edge)                                   0.00       0.00
  clock network delay (ideal)                             0.75       0.75
  khu_sensor_top/ads1292_filter/iir_notch/mult_2/R_22/CK (fd1eqd1_hd)
                                                          0.00       0.75 r
  library hold time                                       0.01       0.76
  data required time                                                 0.76
  --------------------------------------------------------------------------
  data required time                                                 0.76
  data arrival time                                                 -1.11
  --------------------------------------------------------------------------
  slack (MET)                                                        0.35


  Startpoint: khu_sensor_top/ads1292_filter/iir_notch/mult_3/R_53
              (rising edge-triggered flip-flop clocked by clk)
  Endpoint: khu_sensor_top/ads1292_filter/iir_notch/mult_3/R_28
            (rising edge-triggered flip-flop clocked by clk)
  Path Group: clk
  Path Type: min

  Point                                                   Incr       Path
  --------------------------------------------------------------------------
  clock clk (rise edge)                                   0.00       0.00
  clock network delay (ideal)                             0.75       0.75
  khu_sensor_top/ads1292_filter/iir_notch/mult_3/R_53/CK (fd1eqd1_hd)
                                                          0.00 #     0.75 r
  khu_sensor_top/ads1292_filter/iir_notch/mult_3/R_53/Q (fd1eqd1_hd)
                                                          0.36       1.11 f
  khu_sensor_top/ads1292_filter/iir_notch/mult_3/R_28/D (fd1eqd1_hd)
                                                          0.00       1.11 f
  data arrival time                                                  1.11

  clock clk (rise edge)                                   0.00       0.00
  clock network delay (ideal)                             0.75       0.75
  khu_sensor_top/ads1292_filter/iir_notch/mult_3/R_28/CK (fd1eqd1_hd)
                                                          0.00       0.75 r
  library hold time                                       0.01       0.76
  data required time                                                 0.76
  --------------------------------------------------------------------------
  data required time                                                 0.76
  data arrival time                                                 -1.11
  --------------------------------------------------------------------------
  slack (MET)                                                        0.35


  Startpoint: khu_sensor_top/uart_controller/uart_rx/r_Rx_Data_R_reg
              (rising edge-triggered flip-flop clocked by clk_half)
  Endpoint: khu_sensor_top/uart_controller/uart_rx/r_Rx_Data_reg
            (rising edge-triggered flip-flop clocked by clk_half)
  Path Group: clk_half
  Path Type: min

  Point                                                   Incr       Path
  --------------------------------------------------------------------------
  clock clk_half (rise edge)                              0.00       0.00
  clock network delay (ideal)                             0.75       0.75
  khu_sensor_top/uart_controller/uart_rx/r_Rx_Data_R_reg/CK (fd3qd1_hd)
                                                          0.00       0.75 r
  khu_sensor_top/uart_controller/uart_rx/r_Rx_Data_R_reg/Q (fd3qd1_hd)
                                                          0.39       1.14 f
  khu_sensor_top/uart_controller/uart_rx/r_Rx_Data_reg/D (fd3qd1_hd)
                                                          0.00       1.14 f
  data arrival time                                                  1.14

  clock clk_half (rise edge)                              0.00       0.00
  clock network delay (ideal)                             0.75       0.75
  khu_sensor_top/uart_controller/uart_rx/r_Rx_Data_reg/CK (fd3qd1_hd)
                                                          0.00       0.75 r
  library hold time                                       0.06       0.81
  data required time                                                 0.81
  --------------------------------------------------------------------------
  data required time                                                 0.81
  data arrival time                                                 -1.14
  --------------------------------------------------------------------------
  slack (MET)                                                        0.32


  Startpoint: khu_sensor_top/uart_controller/uart_rx/r_Rx_Data_R_reg
              (rising edge-triggered flip-flop clocked by clk_half)
  Endpoint: khu_sensor_top/uart_controller/uart_rx/r_Rx_Data_reg
            (rising edge-triggered flip-flop clocked by clk_half)
  Path Group: clk_half
  Path Type: min

  Point                                                   Incr       Path
  --------------------------------------------------------------------------
  clock clk_half (rise edge)                              0.00       0.00
  clock network delay (ideal)                             0.75       0.75
  khu_sensor_top/uart_controller/uart_rx/r_Rx_Data_R_reg/CK (fd3qd1_hd)
                                                          0.00       0.75 r
  khu_sensor_top/uart_controller/uart_rx/r_Rx_Data_R_reg/Q (fd3qd1_hd)
                                                          0.48       1.23 r
  khu_sensor_top/uart_controller/uart_rx/r_Rx_Data_reg/D (fd3qd1_hd)
                                                          0.00       1.23 r
  data arrival time                                                  1.23

  clock clk_half (rise edge)                              0.00       0.00
  clock network delay (ideal)                             0.75       0.75
  khu_sensor_top/uart_controller/uart_rx/r_Rx_Data_reg/CK (fd3qd1_hd)
                                                          0.00       0.75 r
  library hold time                                       0.01       0.76
  data required time                                                 0.76
  --------------------------------------------------------------------------
  data required time                                                 0.76
  data arrival time                                                 -1.23
  --------------------------------------------------------------------------
  slack (MET)                                                        0.47


  Startpoint: khu_sensor_top/uart_controller/r_uart_data_tx_shift_reg[44]
              (rising edge-triggered flip-flop clocked by clk_half)
  Endpoint: khu_sensor_top/uart_controller/r_uart_data_tx_shift_reg[52]
            (rising edge-triggered flip-flop clocked by clk_half)
  Path Group: clk_half
  Path Type: min

  Point                                                   Incr       Path
  --------------------------------------------------------------------------
  clock clk_half (rise edge)                              0.00       0.00
  clock network delay (ideal)                             0.75       0.75
  khu_sensor_top/uart_controller/r_uart_data_tx_shift_reg[44]/CK (fd4qd1_hd)
                                                          0.00       0.75 r
  khu_sensor_top/uart_controller/r_uart_data_tx_shift_reg[44]/Q (fd4qd1_hd)
                                                          0.41       1.16 f
  khu_sensor_top/uart_controller/U25/Y (clknd2d1_hd)      0.08       1.24 r
  khu_sensor_top/uart_controller/U55/Y (scg14d1_hd)       0.07       1.31 f
  khu_sensor_top/uart_controller/r_uart_data_tx_shift_reg[52]/D (fd4qd1_hd)
                                                          0.00       1.31 f
  data arrival time                                                  1.31

  clock clk_half (rise edge)                              0.00       0.00
  clock network delay (ideal)                             0.75       0.75
  khu_sensor_top/uart_controller/r_uart_data_tx_shift_reg[52]/CK (fd4qd1_hd)
                                                          0.00       0.75 r
  library hold time                                       0.07       0.82
  data required time                                                 0.82
  --------------------------------------------------------------------------
  data required time                                                 0.82
  data arrival time                                                 -1.31
  --------------------------------------------------------------------------
  slack (MET)                                                        0.49


  Startpoint: khu_sensor_top/uart_controller/r_lstate_reg[1]
              (rising edge-triggered flip-flop clocked by clk_half)
  Endpoint: khu_sensor_top/uart_controller/r_lstate_reg[1]
            (rising edge-triggered flip-flop clocked by clk_half)
  Path Group: clk_half
  Path Type: min

  Point                                                   Incr       Path
  --------------------------------------------------------------------------
  clock clk_half (rise edge)                              0.00       0.00
  clock network delay (ideal)                             0.75       0.75
  khu_sensor_top/uart_controller/r_lstate_reg[1]/CK (fd4qd1_hd)
                                                          0.00       0.75 r
  khu_sensor_top/uart_controller/r_lstate_reg[1]/Q (fd4qd1_hd)
                                                          0.42       1.17 f
  khu_sensor_top/uart_controller/U3/Y (nd2bd1_hd)         0.15       1.32 f
  khu_sensor_top/uart_controller/r_lstate_reg[1]/D (fd4qd1_hd)
                                                          0.00       1.32 f
  data arrival time                                                  1.32

  clock clk_half (rise edge)                              0.00       0.00
  clock network delay (ideal)                             0.75       0.75
  khu_sensor_top/uart_controller/r_lstate_reg[1]/CK (fd4qd1_hd)
                                                          0.00       0.75 r
  library hold time                                       0.07       0.82
  data required time                                                 0.82
  --------------------------------------------------------------------------
  data required time                                                 0.82
  data arrival time                                                 -1.32
  --------------------------------------------------------------------------
  slack (MET)                                                        0.50


  Startpoint: khu_sensor_top/uart_controller/r_uart_data_tx_shift_reg[12]
              (rising edge-triggered flip-flop clocked by clk_half)
  Endpoint: khu_sensor_top/uart_controller/r_uart_data_tx_shift_reg[20]
            (rising edge-triggered flip-flop clocked by clk_half)
  Path Group: clk_half
  Path Type: min

  Point                                                   Incr       Path
  --------------------------------------------------------------------------
  clock clk_half (rise edge)                              0.00       0.00
  clock network delay (ideal)                             0.75       0.75
  khu_sensor_top/uart_controller/r_uart_data_tx_shift_reg[12]/CK (fd4qd1_hd)
                                                          0.00       0.75 r
  khu_sensor_top/uart_controller/r_uart_data_tx_shift_reg[12]/Q (fd4qd1_hd)
                                                          0.41       1.16 f
  khu_sensor_top/uart_controller/U91/Y (clknd2d1_hd)      0.07       1.23 r
  khu_sensor_top/uart_controller/U89/Y (clknd2d1_hd)      0.08       1.32 f
  khu_sensor_top/uart_controller/r_uart_data_tx_shift_reg[20]/D (fd4qd1_hd)
                                                          0.00       1.32 f
  data arrival time                                                  1.32

  clock clk_half (rise edge)                              0.00       0.00
  clock network delay (ideal)                             0.75       0.75
  khu_sensor_top/uart_controller/r_uart_data_tx_shift_reg[20]/CK (fd4qd1_hd)
                                                          0.00       0.75 r
  library hold time                                       0.07       0.82
  data required time                                                 0.82
  --------------------------------------------------------------------------
  data required time                                                 0.82
  data arrival time                                                 -1.32
  --------------------------------------------------------------------------
  slack (MET)                                                        0.50


  Startpoint: khu_sensor_top/uart_controller/r_uart_data_tx_shift_reg[13]
              (rising edge-triggered flip-flop clocked by clk_half)
  Endpoint: khu_sensor_top/uart_controller/r_uart_data_tx_shift_reg[21]
            (rising edge-triggered flip-flop clocked by clk_half)
  Path Group: clk_half
  Path Type: min

  Point                                                   Incr       Path
  --------------------------------------------------------------------------
  clock clk_half (rise edge)                              0.00       0.00
  clock network delay (ideal)                             0.75       0.75
  khu_sensor_top/uart_controller/r_uart_data_tx_shift_reg[13]/CK (fd4qd1_hd)
                                                          0.00       0.75 r
  khu_sensor_top/uart_controller/r_uart_data_tx_shift_reg[13]/Q (fd4qd1_hd)
                                                          0.41       1.16 f
  khu_sensor_top/uart_controller/U102/Y (clknd2d1_hd)     0.07       1.23 r
  khu_sensor_top/uart_controller/U92/Y (clknd2d1_hd)      0.08       1.32 f
  khu_sensor_top/uart_controller/r_uart_data_tx_shift_reg[21]/D (fd4qd1_hd)
                                                          0.00       1.32 f
  data arrival time                                                  1.32

  clock clk_half (rise edge)                              0.00       0.00
  clock network delay (ideal)                             0.75       0.75
  khu_sensor_top/uart_controller/r_uart_data_tx_shift_reg[21]/CK (fd4qd1_hd)
                                                          0.00       0.75 r
  library hold time                                       0.07       0.82
  data required time                                                 0.82
  --------------------------------------------------------------------------
  data required time                                                 0.82
  data arrival time                                                 -1.32
  --------------------------------------------------------------------------
  slack (MET)                                                        0.50


  Startpoint: khu_sensor_top/uart_controller/r_uart_data_tx_shift_reg[15]
              (rising edge-triggered flip-flop clocked by clk_half)
  Endpoint: khu_sensor_top/uart_controller/r_uart_data_tx_shift_reg[23]
            (rising edge-triggered flip-flop clocked by clk_half)
  Path Group: clk_half
  Path Type: min

  Point                                                   Incr       Path
  --------------------------------------------------------------------------
  clock clk_half (rise edge)                              0.00       0.00
  clock network delay (ideal)                             0.75       0.75
  khu_sensor_top/uart_controller/r_uart_data_tx_shift_reg[15]/CK (fd4qd1_hd)
                                                          0.00       0.75 r
  khu_sensor_top/uart_controller/r_uart_data_tx_shift_reg[15]/Q (fd4qd1_hd)
                                                          0.41       1.16 f
  khu_sensor_top/uart_controller/U256/Y (clknd2d1_hd)     0.07       1.23 r
  khu_sensor_top/uart_controller/U254/Y (clknd2d1_hd)     0.08       1.32 f
  khu_sensor_top/uart_controller/r_uart_data_tx_shift_reg[23]/D (fd4qd1_hd)
                                                          0.00       1.32 f
  data arrival time                                                  1.32

  clock clk_half (rise edge)                              0.00       0.00
  clock network delay (ideal)                             0.75       0.75
  khu_sensor_top/uart_controller/r_uart_data_tx_shift_reg[23]/CK (fd4qd1_hd)
                                                          0.00       0.75 r
  library hold time                                       0.07       0.82
  data required time                                                 0.82
  --------------------------------------------------------------------------
  data required time                                                 0.82
  data arrival time                                                 -1.32
  --------------------------------------------------------------------------
  slack (MET)                                                        0.50


  Startpoint: khu_sensor_top/sensor_core/o_UART_DATA_TX_reg[53]
              (rising edge-triggered flip-flop clocked by clk_half)
  Endpoint: khu_sensor_top/sensor_core/o_UART_DATA_TX_reg[53]
            (rising edge-triggered flip-flop clocked by clk_half)
  Path Group: clk_half
  Path Type: min

  Point                                                   Incr       Path
  --------------------------------------------------------------------------
  clock clk_half (rise edge)                              0.00       0.00
  clock network delay (ideal)                             0.75       0.75
  khu_sensor_top/sensor_core/o_UART_DATA_TX_reg[53]/CK (fd4qd1_hd)
                                                          0.00       0.75 r
  khu_sensor_top/sensor_core/o_UART_DATA_TX_reg[53]/Q (fd4qd1_hd)
                                                          0.42       1.17 f
  khu_sensor_top/sensor_core/U4/Y (nd2bd1_hd)             0.15       1.32 f
  khu_sensor_top/sensor_core/o_UART_DATA_TX_reg[53]/D (fd4qd1_hd)
                                                          0.00       1.32 f
  data arrival time                                                  1.32

  clock clk_half (rise edge)                              0.00       0.00
  clock network delay (ideal)                             0.75       0.75
  khu_sensor_top/sensor_core/o_UART_DATA_TX_reg[53]/CK (fd4qd1_hd)
                                                          0.00       0.75 r
  library hold time                                       0.07       0.82
  data required time                                                 0.82
  --------------------------------------------------------------------------
  data required time                                                 0.82
  data arrival time                                                 -1.32
  --------------------------------------------------------------------------
  slack (MET)                                                        0.50


  Startpoint: khu_sensor_top/uart_controller/r_uart_data_tx_shift_reg[20]
              (rising edge-triggered flip-flop clocked by clk_half)
  Endpoint: khu_sensor_top/uart_controller/r_uart_data_tx_shift_reg[20]
            (rising edge-triggered flip-flop clocked by clk_half)
  Path Group: clk_half
  Path Type: min

  Point                                                   Incr       Path
  --------------------------------------------------------------------------
  clock clk_half (rise edge)                              0.00       0.00
  clock network delay (ideal)                             0.75       0.75
  khu_sensor_top/uart_controller/r_uart_data_tx_shift_reg[20]/CK (fd4qd1_hd)
                                                          0.00       0.75 r
  khu_sensor_top/uart_controller/r_uart_data_tx_shift_reg[20]/Q (fd4qd1_hd)
                                                          0.41       1.16 f
  khu_sensor_top/uart_controller/U90/Y (clknd2d1_hd)      0.08       1.24 r
  khu_sensor_top/uart_controller/U89/Y (clknd2d1_hd)      0.08       1.32 f
  khu_sensor_top/uart_controller/r_uart_data_tx_shift_reg[20]/D (fd4qd1_hd)
                                                          0.00       1.32 f
  data arrival time                                                  1.32

  clock clk_half (rise edge)                              0.00       0.00
  clock network delay (ideal)                             0.75       0.75
  khu_sensor_top/uart_controller/r_uart_data_tx_shift_reg[20]/CK (fd4qd1_hd)
                                                          0.00       0.75 r
  library hold time                                       0.07       0.82
  data required time                                                 0.82
  --------------------------------------------------------------------------
  data required time                                                 0.82
  data arrival time                                                 -1.32
  --------------------------------------------------------------------------
  slack (MET)                                                        0.51


  Startpoint: khu_sensor_top/uart_controller/r_uart_data_tx_shift_reg[23]
              (rising edge-triggered flip-flop clocked by clk_half)
  Endpoint: khu_sensor_top/uart_controller/r_uart_data_tx_shift_reg[23]
            (rising edge-triggered flip-flop clocked by clk_half)
  Path Group: clk_half
  Path Type: min

  Point                                                   Incr       Path
  --------------------------------------------------------------------------
  clock clk_half (rise edge)                              0.00       0.00
  clock network delay (ideal)                             0.75       0.75
  khu_sensor_top/uart_controller/r_uart_data_tx_shift_reg[23]/CK (fd4qd1_hd)
                                                          0.00       0.75 r
  khu_sensor_top/uart_controller/r_uart_data_tx_shift_reg[23]/Q (fd4qd1_hd)
                                                          0.41       1.16 f
  khu_sensor_top/uart_controller/U255/Y (clknd2d1_hd)     0.08       1.24 r
  khu_sensor_top/uart_controller/U254/Y (clknd2d1_hd)     0.08       1.32 f
  khu_sensor_top/uart_controller/r_uart_data_tx_shift_reg[23]/D (fd4qd1_hd)
                                                          0.00       1.32 f
  data arrival time                                                  1.32

  clock clk_half (rise edge)                              0.00       0.00
  clock network delay (ideal)                             0.75       0.75
  khu_sensor_top/uart_controller/r_uart_data_tx_shift_reg[23]/CK (fd4qd1_hd)
                                                          0.00       0.75 r
  library hold time                                       0.07       0.82
  data required time                                                 0.82
  --------------------------------------------------------------------------
  data required time                                                 0.82
  data arrival time                                                 -1.32
  --------------------------------------------------------------------------
  slack (MET)                                                        0.51


1
