 
****************************************
Report : net fanout
        -threshold 100
Design : khu_sensor_pad
Scenario(s): func1_wst
Version: N-2017.09
Date   : Sat Sep 12 02:44:48 2020
****************************************


Operating Conditions: V105WTP1250   Library: std150e_wst_105_p125
Wire Load Model Mode: enclosed

Design        Wire Load Model            Library
------------------------------------------------
async_rstn_glitch_synchronizer
                       l13_e_5000_4lm    std150e_wst_105_p125
ads1292_filter         l13_e_100k_4lm    std150e_wst_105_p125
sensor_core            l13_e_5000_4lm    std150e_wst_105_p125
divider_by_2           l13_e_5000_4lm    std150e_wst_105_p125
async_rstn_glitch_synchronizer_0
                       l13_e_5000_4lm    std150e_wst_105_p125
async_rstn_synchronizer
                       l13_e_5000_4lm    std150e_wst_105_p125
SNPS_CLOCK_GATE_HIGH_ads1292_controller_0_0
                       l13_e_5000_4lm    std150e_wst_105_p125
SNPS_CLOCK_GATE_HIGH_ads1292_controller_1_0
                       l13_e_5000_4lm    std150e_wst_105_p125
SNPS_CLOCK_GATE_HIGH_ads1292_controller_2_0
                       l13_e_5000_4lm    std150e_wst_105_p125
SNPS_CLOCK_GATE_HIGH_ads1292_controller_3_0
                       l13_e_5000_4lm    std150e_wst_105_p125
ads1292_controller_DW01_inc_0
                       l13_e_5000_4lm    std150e_wst_105_p125
async_rstn_synchronizer_1
                       l13_e_5000_4lm    std150e_wst_105_p125
ads1292_filter_DW01_inc_0
                       l13_e_5000_4lm    std150e_wst_105_p125
converter_f2i          l13_e_5000_4lm    std150e_wst_105_p125
iir_hpf                l13_e_50k_4lm     std150e_wst_105_p125
async_rst_synchronizer_3
                       l13_e_5000_4lm    std150e_wst_105_p125
async_rstn_synchronizer_5
                       l13_e_5000_4lm    std150e_wst_105_p125
SNPS_CLOCK_GATE_HIGH_mpr121_controller_0_0
                       l13_e_5000_4lm    std150e_wst_105_p125
mpr121_controller_DW01_inc_0
                       l13_e_5000_4lm    std150e_wst_105_p125
async_rstn_synchronizer_7
                       l13_e_5000_4lm    std150e_wst_105_p125
async_rst_synchronizer_4
                       l13_e_5000_4lm    std150e_wst_105_p125
uart_rx                l13_e_5000_4lm    std150e_wst_105_p125
async_rstn_synchronizer_8
                       l13_e_5000_4lm    std150e_wst_105_p125
async_rst_synchronizer l13_e_5000_4lm    std150e_wst_105_p125
async_rstn_synchronizer_9
                       l13_e_5000_4lm    std150e_wst_105_p125
spi_master_DW01_inc_0  l13_e_5000_4lm    std150e_wst_105_p125
async_rstn_synchronizer_0
                       l13_e_5000_4lm    std150e_wst_105_p125
SNPS_CLOCK_GATE_HIGH_converter_f2i_0_0
                       l13_e_5000_4lm    std150e_wst_105_p125
SNPS_CLOCK_GATE_HIGH_converter_f2i_1_0
                       l13_e_5000_4lm    std150e_wst_105_p125
SNPS_CLOCK_GATE_HIGH_converter_f2i_2_0
                       l13_e_5000_4lm    std150e_wst_105_p125
SNPS_CLOCK_GATE_HIGH_converter_f2i_3_0
                       l13_e_5000_4lm    std150e_wst_105_p125
converter_f2i_DP_OP_16_126_7129_0
                       l13_e_5000_4lm    std150e_wst_105_p125
converter_f2i_DP_OP_15_125_6361_0
                       l13_e_5000_4lm    std150e_wst_105_p125
converter_f2i_DW01_sub_0
                       l13_e_5000_4lm    std150e_wst_105_p125
float_adder_0          l13_e_5000_4lm    std150e_wst_105_p125
async_rst_synchronizer_0
                       l13_e_5000_4lm    std150e_wst_105_p125
async_rstn_synchronizer_2
                       l13_e_5000_4lm    std150e_wst_105_p125
float_multiplier_1     l13_e_10k_4lm     std150e_wst_105_p125
float_multiplier_2     l13_e_10k_4lm     std150e_wst_105_p125
async_rst_synchronizer_1
                       l13_e_5000_4lm    std150e_wst_105_p125
async_rstn_synchronizer_3
                       l13_e_5000_4lm    std150e_wst_105_p125
float_multiplier_4     l13_e_10k_4lm     std150e_wst_105_p125
float_multiplier_5     l13_e_10k_4lm     std150e_wst_105_p125
async_rst_synchronizer_2
                       l13_e_5000_4lm    std150e_wst_105_p125
async_rstn_synchronizer_4
                       l13_e_5000_4lm    std150e_wst_105_p125
SNPS_CLOCK_GATE_HIGH_converter_i2f_0_0
                       l13_e_5000_4lm    std150e_wst_105_p125
SNPS_CLOCK_GATE_HIGH_converter_i2f_1_0
                       l13_e_5000_4lm    std150e_wst_105_p125
SNPS_CLOCK_GATE_HIGH_converter_i2f_2_0
                       l13_e_5000_4lm    std150e_wst_105_p125
SNPS_CLOCK_GATE_HIGH_converter_i2f_3_0
                       l13_e_5000_4lm    std150e_wst_105_p125
SNPS_CLOCK_GATE_HIGH_converter_i2f_4_0
                       l13_e_5000_4lm    std150e_wst_105_p125
converter_i2f_DW01_sub_0
                       l13_e_5000_4lm    std150e_wst_105_p125
converter_i2f_DW01_inc_1
                       l13_e_5000_4lm    std150e_wst_105_p125
SNPS_CLOCK_GATE_HIGH_i2c_master_0_0
                       l13_e_5000_4lm    std150e_wst_105_p125
SNPS_CLOCK_GATE_HIGH_i2c_master_1_0
                       l13_e_5000_4lm    std150e_wst_105_p125
SNPS_CLOCK_GATE_HIGH_i2c_master_2_0
                       l13_e_5000_4lm    std150e_wst_105_p125
SNPS_CLOCK_GATE_HIGH_i2c_master_3_0
                       l13_e_5000_4lm    std150e_wst_105_p125
SNPS_CLOCK_GATE_HIGH_i2c_master_5_0
                       l13_e_5000_4lm    std150e_wst_105_p125
i2c_master_DW01_dec_0  l13_e_5000_4lm    std150e_wst_105_p125
async_rstn_synchronizer_6
                       l13_e_5000_4lm    std150e_wst_105_p125
uart_rx_DW01_inc_0     l13_e_5000_4lm    std150e_wst_105_p125
async_rst_synchronizer_5
                       l13_e_5000_4lm    std150e_wst_105_p125
uart_tx_DW01_inc_0     l13_e_5000_4lm    std150e_wst_105_p125
async_rst_synchronizer_6
                       l13_e_5000_4lm    std150e_wst_105_p125
SNPS_CLOCK_GATE_HIGH_float_multiplier_0_9_0
                       l13_e_5000_4lm    std150e_wst_105_p125
SNPS_CLOCK_GATE_HIGH_float_multiplier_0_10_0
                       l13_e_5000_4lm    std150e_wst_105_p125
float_multiplier_0_DW01_inc_0
                       l13_e_5000_4lm    std150e_wst_105_p125
SNPS_CLOCK_GATE_HIGH_float_multiplier_0_0_0
                       l13_e_5000_4lm    std150e_wst_105_p125
SNPS_CLOCK_GATE_HIGH_float_multiplier_0_1_0
                       l13_e_5000_4lm    std150e_wst_105_p125
SNPS_CLOCK_GATE_HIGH_float_multiplier_0_2_0
                       l13_e_5000_4lm    std150e_wst_105_p125
SNPS_CLOCK_GATE_HIGH_float_multiplier_0_3_0
                       l13_e_5000_4lm    std150e_wst_105_p125
SNPS_CLOCK_GATE_HIGH_float_multiplier_0_4_0
                       l13_e_5000_4lm    std150e_wst_105_p125
SNPS_CLOCK_GATE_HIGH_float_multiplier_0_5_0
                       l13_e_5000_4lm    std150e_wst_105_p125
SNPS_CLOCK_GATE_HIGH_float_multiplier_0_6_0
                       l13_e_5000_4lm    std150e_wst_105_p125
SNPS_CLOCK_GATE_HIGH_float_multiplier_0_7_0
                       l13_e_5000_4lm    std150e_wst_105_p125
float_adder_0_DP_OP_128_138_898_0
                       l13_e_5000_4lm    std150e_wst_105_p125
SNPS_CLOCK_GATE_HIGH_float_adder_0_8_0
                       l13_e_5000_4lm    std150e_wst_105_p125
SNPS_CLOCK_GATE_HIGH_float_adder_0_9_0
                       l13_e_5000_4lm    std150e_wst_105_p125
SNPS_CLOCK_GATE_HIGH_float_adder_0_12_0
                       l13_e_5000_4lm    std150e_wst_105_p125
float_adder_0_DW_cmp_6 l13_e_5000_4lm    std150e_wst_105_p125
float_adder_0_DP_OP_143_211_8882_0
                       l13_e_5000_4lm    std150e_wst_105_p125
float_adder_0_DP_OP_132_142_8221_0
                       l13_e_5000_4lm    std150e_wst_105_p125
float_adder_0_DP_OP_131_141_2669_0
                       l13_e_5000_4lm    std150e_wst_105_p125
SNPS_CLOCK_GATE_HIGH_float_adder_0_0_0
                       l13_e_5000_4lm    std150e_wst_105_p125
SNPS_CLOCK_GATE_HIGH_float_adder_0_1_0
                       l13_e_5000_4lm    std150e_wst_105_p125
SNPS_CLOCK_GATE_HIGH_float_adder_0_2_0
                       l13_e_5000_4lm    std150e_wst_105_p125
SNPS_CLOCK_GATE_HIGH_float_adder_0_3_0
                       l13_e_5000_4lm    std150e_wst_105_p125
SNPS_CLOCK_GATE_HIGH_float_adder_0_4_0
                       l13_e_5000_4lm    std150e_wst_105_p125
SNPS_CLOCK_GATE_HIGH_float_adder_0_5_0
                       l13_e_5000_4lm    std150e_wst_105_p125
SNPS_CLOCK_GATE_HIGH_float_adder_0_6_0
                       l13_e_5000_4lm    std150e_wst_105_p125
SNPS_CLOCK_GATE_HIGH_float_adder_0_7_0
                       l13_e_5000_4lm    std150e_wst_105_p125
SNPS_CLOCK_GATE_HIGH_float_multiplier_1_9_0
                       l13_e_5000_4lm    std150e_wst_105_p125
SNPS_CLOCK_GATE_HIGH_float_multiplier_1_10_0
                       l13_e_5000_4lm    std150e_wst_105_p125
float_multiplier_1_DW01_inc_0
                       l13_e_5000_4lm    std150e_wst_105_p125
SNPS_CLOCK_GATE_HIGH_float_multiplier_1_0_0
                       l13_e_5000_4lm    std150e_wst_105_p125
SNPS_CLOCK_GATE_HIGH_float_multiplier_1_1_0
                       l13_e_5000_4lm    std150e_wst_105_p125
SNPS_CLOCK_GATE_HIGH_float_multiplier_1_2_0
                       l13_e_5000_4lm    std150e_wst_105_p125
SNPS_CLOCK_GATE_HIGH_float_multiplier_1_3_0
                       l13_e_5000_4lm    std150e_wst_105_p125
SNPS_CLOCK_GATE_HIGH_float_multiplier_1_4_0
                       l13_e_5000_4lm    std150e_wst_105_p125
SNPS_CLOCK_GATE_HIGH_float_multiplier_1_5_0
                       l13_e_5000_4lm    std150e_wst_105_p125
SNPS_CLOCK_GATE_HIGH_float_multiplier_1_6_0
                       l13_e_5000_4lm    std150e_wst_105_p125
SNPS_CLOCK_GATE_HIGH_float_multiplier_1_7_0
                       l13_e_5000_4lm    std150e_wst_105_p125
SNPS_CLOCK_GATE_HIGH_float_multiplier_2_9_0
                       l13_e_5000_4lm    std150e_wst_105_p125
SNPS_CLOCK_GATE_HIGH_float_multiplier_2_10_0
                       l13_e_5000_4lm    std150e_wst_105_p125
float_multiplier_2_DW01_inc_0
                       l13_e_5000_4lm    std150e_wst_105_p125
SNPS_CLOCK_GATE_HIGH_float_multiplier_2_0_0
                       l13_e_5000_4lm    std150e_wst_105_p125
SNPS_CLOCK_GATE_HIGH_float_multiplier_2_1_0
                       l13_e_5000_4lm    std150e_wst_105_p125
SNPS_CLOCK_GATE_HIGH_float_multiplier_2_2_0
                       l13_e_5000_4lm    std150e_wst_105_p125
SNPS_CLOCK_GATE_HIGH_float_multiplier_2_3_0
                       l13_e_5000_4lm    std150e_wst_105_p125
SNPS_CLOCK_GATE_HIGH_float_multiplier_2_4_0
                       l13_e_5000_4lm    std150e_wst_105_p125
SNPS_CLOCK_GATE_HIGH_float_multiplier_2_5_0
                       l13_e_5000_4lm    std150e_wst_105_p125
SNPS_CLOCK_GATE_HIGH_float_multiplier_2_6_0
                       l13_e_5000_4lm    std150e_wst_105_p125
SNPS_CLOCK_GATE_HIGH_float_multiplier_2_7_0
                       l13_e_5000_4lm    std150e_wst_105_p125
SNPS_CLOCK_GATE_HIGH_float_multiplier_3_9_0
                       l13_e_5000_4lm    std150e_wst_105_p125
float_multiplier_3_DW01_inc_0
                       l13_e_5000_4lm    std150e_wst_105_p125
SNPS_CLOCK_GATE_HIGH_float_multiplier_3_0_0
                       l13_e_5000_4lm    std150e_wst_105_p125
SNPS_CLOCK_GATE_HIGH_float_multiplier_3_1_0
                       l13_e_5000_4lm    std150e_wst_105_p125
SNPS_CLOCK_GATE_HIGH_float_multiplier_3_2_0
                       l13_e_5000_4lm    std150e_wst_105_p125
SNPS_CLOCK_GATE_HIGH_float_multiplier_3_3_0
                       l13_e_5000_4lm    std150e_wst_105_p125
SNPS_CLOCK_GATE_HIGH_float_multiplier_3_4_0
                       l13_e_5000_4lm    std150e_wst_105_p125
SNPS_CLOCK_GATE_HIGH_float_multiplier_3_5_0
                       l13_e_5000_4lm    std150e_wst_105_p125
SNPS_CLOCK_GATE_HIGH_float_multiplier_3_6_0
                       l13_e_5000_4lm    std150e_wst_105_p125
SNPS_CLOCK_GATE_HIGH_float_multiplier_3_7_0
                       l13_e_5000_4lm    std150e_wst_105_p125
float_adder_1_DP_OP_129_175_564_0
                       l13_e_5000_4lm    std150e_wst_105_p125
float_adder_1_DP_OP_128_174_8668_0
                       l13_e_5000_4lm    std150e_wst_105_p125
SNPS_CLOCK_GATE_HIGH_float_adder_1_8_0
                       l13_e_5000_4lm    std150e_wst_105_p125
SNPS_CLOCK_GATE_HIGH_float_adder_1_9_0
                       l13_e_5000_4lm    std150e_wst_105_p125
SNPS_CLOCK_GATE_HIGH_float_adder_1_12_0
                       l13_e_5000_4lm    std150e_wst_105_p125
float_adder_1_DP_OP_132_178_6707_0
                       l13_e_5000_4lm    std150e_wst_105_p125
float_adder_1_DP_OP_131_177_7858_0
                       l13_e_5000_4lm    std150e_wst_105_p125
SNPS_CLOCK_GATE_HIGH_float_adder_1_0_0
                       l13_e_5000_4lm    std150e_wst_105_p125
SNPS_CLOCK_GATE_HIGH_float_adder_1_1_0
                       l13_e_5000_4lm    std150e_wst_105_p125
SNPS_CLOCK_GATE_HIGH_float_adder_1_2_0
                       l13_e_5000_4lm    std150e_wst_105_p125
SNPS_CLOCK_GATE_HIGH_float_adder_1_3_0
                       l13_e_5000_4lm    std150e_wst_105_p125
SNPS_CLOCK_GATE_HIGH_float_adder_1_4_0
                       l13_e_5000_4lm    std150e_wst_105_p125
SNPS_CLOCK_GATE_HIGH_float_adder_1_5_0
                       l13_e_5000_4lm    std150e_wst_105_p125
SNPS_CLOCK_GATE_HIGH_float_adder_1_6_0
                       l13_e_5000_4lm    std150e_wst_105_p125
SNPS_CLOCK_GATE_HIGH_float_adder_1_7_0
                       l13_e_5000_4lm    std150e_wst_105_p125
float_adder_2_DP_OP_129_181_2885_0
                       l13_e_5000_4lm    std150e_wst_105_p125
float_adder_2_DP_OP_128_180_8620_0
                       l13_e_5000_4lm    std150e_wst_105_p125
SNPS_CLOCK_GATE_HIGH_float_adder_2_8_0
                       l13_e_5000_4lm    std150e_wst_105_p125
SNPS_CLOCK_GATE_HIGH_float_adder_2_9_0
                       l13_e_5000_4lm    std150e_wst_105_p125
SNPS_CLOCK_GATE_HIGH_float_adder_2_12_0
                       l13_e_5000_4lm    std150e_wst_105_p125
float_adder_2_DW_cmp_6 l13_e_5000_4lm    std150e_wst_105_p125
float_adder_2_DP_OP_143_217_5633_0
                       l13_e_5000_4lm    std150e_wst_105_p125
float_adder_2_DP_OP_132_184_9028_0
                       l13_e_5000_4lm    std150e_wst_105_p125
float_adder_2_DP_OP_131_183_7810_0
                       l13_e_5000_4lm    std150e_wst_105_p125
SNPS_CLOCK_GATE_HIGH_float_adder_2_0_0
                       l13_e_5000_4lm    std150e_wst_105_p125
SNPS_CLOCK_GATE_HIGH_float_adder_2_1_0
                       l13_e_5000_4lm    std150e_wst_105_p125
SNPS_CLOCK_GATE_HIGH_float_adder_2_2_0
                       l13_e_5000_4lm    std150e_wst_105_p125
SNPS_CLOCK_GATE_HIGH_float_adder_2_3_0
                       l13_e_5000_4lm    std150e_wst_105_p125
SNPS_CLOCK_GATE_HIGH_float_adder_2_4_0
                       l13_e_5000_4lm    std150e_wst_105_p125
SNPS_CLOCK_GATE_HIGH_float_adder_2_5_0
                       l13_e_5000_4lm    std150e_wst_105_p125
SNPS_CLOCK_GATE_HIGH_float_adder_2_6_0
                       l13_e_5000_4lm    std150e_wst_105_p125
SNPS_CLOCK_GATE_HIGH_float_adder_2_7_0
                       l13_e_5000_4lm    std150e_wst_105_p125
SNPS_CLOCK_GATE_HIGH_float_multiplier_4_9_0
                       l13_e_5000_4lm    std150e_wst_105_p125
SNPS_CLOCK_GATE_HIGH_float_multiplier_4_10_0
                       l13_e_5000_4lm    std150e_wst_105_p125
float_multiplier_4_DW01_inc_0
                       l13_e_5000_4lm    std150e_wst_105_p125
SNPS_CLOCK_GATE_HIGH_float_multiplier_4_0_0
                       l13_e_5000_4lm    std150e_wst_105_p125
SNPS_CLOCK_GATE_HIGH_float_multiplier_4_1_0
                       l13_e_5000_4lm    std150e_wst_105_p125
SNPS_CLOCK_GATE_HIGH_float_multiplier_4_2_0
                       l13_e_5000_4lm    std150e_wst_105_p125
SNPS_CLOCK_GATE_HIGH_float_multiplier_4_3_0
                       l13_e_5000_4lm    std150e_wst_105_p125
SNPS_CLOCK_GATE_HIGH_float_multiplier_4_4_0
                       l13_e_5000_4lm    std150e_wst_105_p125
SNPS_CLOCK_GATE_HIGH_float_multiplier_4_5_0
                       l13_e_5000_4lm    std150e_wst_105_p125
SNPS_CLOCK_GATE_HIGH_float_multiplier_4_7_0
                       l13_e_5000_4lm    std150e_wst_105_p125
SNPS_CLOCK_GATE_HIGH_float_multiplier_5_9_0
                       l13_e_5000_4lm    std150e_wst_105_p125
SNPS_CLOCK_GATE_HIGH_float_multiplier_5_10_0
                       l13_e_5000_4lm    std150e_wst_105_p125
float_multiplier_5_DP_OP_114_201_6986_0
                       l13_e_5000_4lm    std150e_wst_105_p125
float_multiplier_5_DW01_inc_0
                       l13_e_5000_4lm    std150e_wst_105_p125
SNPS_CLOCK_GATE_HIGH_float_multiplier_5_0_0
                       l13_e_5000_4lm    std150e_wst_105_p125
SNPS_CLOCK_GATE_HIGH_float_multiplier_5_1_0
                       l13_e_5000_4lm    std150e_wst_105_p125
SNPS_CLOCK_GATE_HIGH_float_multiplier_5_2_0
                       l13_e_5000_4lm    std150e_wst_105_p125
SNPS_CLOCK_GATE_HIGH_float_multiplier_5_3_0
                       l13_e_5000_4lm    std150e_wst_105_p125
SNPS_CLOCK_GATE_HIGH_float_multiplier_5_4_0
                       l13_e_5000_4lm    std150e_wst_105_p125
SNPS_CLOCK_GATE_HIGH_float_multiplier_5_5_0
                       l13_e_5000_4lm    std150e_wst_105_p125
SNPS_CLOCK_GATE_HIGH_float_multiplier_5_6_0
                       l13_e_5000_4lm    std150e_wst_105_p125
SNPS_CLOCK_GATE_HIGH_float_multiplier_5_7_0
                       l13_e_5000_4lm    std150e_wst_105_p125
float_adder_3_DP_OP_129_207_5372_0
                       l13_e_5000_4lm    std150e_wst_105_p125
float_adder_3_DP_OP_128_206_9905_0
                       l13_e_5000_4lm    std150e_wst_105_p125
SNPS_CLOCK_GATE_HIGH_float_adder_3_8_0
                       l13_e_5000_4lm    std150e_wst_105_p125
SNPS_CLOCK_GATE_HIGH_float_adder_3_9_0
                       l13_e_5000_4lm    std150e_wst_105_p125
SNPS_CLOCK_GATE_HIGH_float_adder_3_12_0
                       l13_e_5000_4lm    std150e_wst_105_p125
float_adder_3_DW_cmp_6 l13_e_5000_4lm    std150e_wst_105_p125
float_adder_3_DP_OP_143_220_7930_0
                       l13_e_5000_4lm    std150e_wst_105_p125
float_adder_3_DP_OP_132_210_6037_0
                       l13_e_5000_4lm    std150e_wst_105_p125
float_adder_3_DP_OP_131_209_1709_0
                       l13_e_5000_4lm    std150e_wst_105_p125
SNPS_CLOCK_GATE_HIGH_float_adder_3_0_0
                       l13_e_5000_4lm    std150e_wst_105_p125
SNPS_CLOCK_GATE_HIGH_float_adder_3_1_0
                       l13_e_5000_4lm    std150e_wst_105_p125
SNPS_CLOCK_GATE_HIGH_float_adder_3_2_0
                       l13_e_5000_4lm    std150e_wst_105_p125
SNPS_CLOCK_GATE_HIGH_float_adder_3_3_0
                       l13_e_5000_4lm    std150e_wst_105_p125
SNPS_CLOCK_GATE_HIGH_float_adder_3_4_0
                       l13_e_5000_4lm    std150e_wst_105_p125
SNPS_CLOCK_GATE_HIGH_float_adder_3_5_0
                       l13_e_5000_4lm    std150e_wst_105_p125
SNPS_CLOCK_GATE_HIGH_float_adder_3_6_0
                       l13_e_5000_4lm    std150e_wst_105_p125
SNPS_CLOCK_GATE_HIGH_float_adder_3_7_0
                       l13_e_5000_4lm    std150e_wst_105_p125


Attributes:
   dr - drc disabled
    c - annotated capacitance
    d - dont_touch
    i - ideal_net
    I - ideal_network
    p - includes pin load
    r - annotated resistance
    h - high fanout

Net                 Fanout   Attributes   Capacitance   Driver
--------------------------------------------------------------------------------
khu_sensor_top/ads1292_controller/N102
                       115   c, d, I          0.00      khu_sensor_top/ads1292_controller/async_rstn_synchronizer/o_RSTN_reg/Q
khu_sensor_top/ads1292_controller/net13309
                       141                    1.28      khu_sensor_top/ads1292_controller/*cell*64/**logic_1**
khu_sensor_top/ads1292_filter/N32
                       215   c, d, I          0.00      khu_sensor_top/ads1292_filter/async_rstn_synchronizer/o_RSTN_reg/Q
khu_sensor_top/ads1292_filter/net13310
                       197                    2.83      khu_sensor_top/ads1292_filter/*cell*65/**logic_1**
khu_sensor_top/sensor_core/N142
                       273   c, d, I          0.00      khu_sensor_top/sensor_core/U650/Y
khu_sensor_top/sensor_core/net13312
                       267                    4.72      khu_sensor_top/sensor_core/*cell*67/**logic_1**
khu_sensor_top/ads1292_filter/iir_hpf/w_rstn
                       254   c, d, I          0.00      khu_sensor_top/ads1292_filter/iir_hpf/async_rstn_synchronizer/o_RSTN_reg/Q
khu_sensor_top/ads1292_filter/iir_hpf/net13322
                       254                    4.36      khu_sensor_top/ads1292_filter/iir_hpf/*cell*77/**logic_1**
khu_sensor_top/ads1292_filter/iir_notch/w_rstn
                       651   c, d, I          0.00      khu_sensor_top/ads1292_filter/iir_notch/async_rstn_synchronizer/o_RSTN_reg/Q
khu_sensor_top/ads1292_filter/iir_notch/net13323
                       651                   15.04      khu_sensor_top/ads1292_filter/iir_notch/*cell*78/**logic_1**
khu_sensor_top/ads1292_filter/iir_lpf/w_rstn
                       383   c, d, I          0.00      khu_sensor_top/ads1292_filter/iir_lpf/async_rstn_synchronizer/o_RSTN_reg/Q
khu_sensor_top/ads1292_filter/iir_lpf/net13324
                       383                    7.82      khu_sensor_top/ads1292_filter/iir_lpf/*cell*79/**logic_1**
khu_sensor_top/ads1292_filter/iir_hpf/add/net13343
                       108                    0.61      khu_sensor_top/ads1292_filter/iir_hpf/add/*cell*98/**logic_1**
khu_sensor_top/ads1292_filter/iir_notch/mult_3/net13346
                       101                    0.58      khu_sensor_top/ads1292_filter/iir_notch/mult_3/*cell*101/**logic_1**
khu_sensor_top/ads1292_filter/iir_notch/mult_1/net13348
                       102                    0.59      khu_sensor_top/ads1292_filter/iir_notch/mult_1/*cell*103/**logic_1**
khu_sensor_top/ads1292_filter/iir_notch/add_2/net13349
                       108                    0.61      khu_sensor_top/ads1292_filter/iir_notch/add_2/*cell*104/**logic_1**
khu_sensor_top/ads1292_filter/iir_notch/add_1/net13350
                       108                    0.61      khu_sensor_top/ads1292_filter/iir_notch/add_1/*cell*105/**logic_1**
khu_sensor_top/ads1292_filter/iir_lpf/add/net13355
                       108                    0.61      khu_sensor_top/ads1292_filter/iir_lpf/add/*cell*110/**logic_1**
1
