 
****************************************
Report : timing_requirements
        -attributes
Design : khu_sensor_pad
Version: F-2011.09-SP5-3
Date   : Tue Oct  6 17:58:31 2020
****************************************

Description                            Setup               Hold
--------------------------------------------------------------------------------
TIMING EXCEPTION                       FALSE               FALSE
	-from    i_RSTN
TIMING EXCEPTION                       FALSE               FALSE
	-from    async_rstn_glitch_synchronizer/async_rstn_synchronizer/r_ff_reg/CK
TIMING EXCEPTION                       FALSE               FALSE
	-from    async_rstn_glitch_synchronizer/async_rstn_synchronizer/o_RSTN_reg/CK
TIMING EXCEPTION                       FALSE               FALSE
	-to      async_rstn_glitch_synchronizer/async_rstn_synchronizer/o_RSTN_reg/RN
TIMING EXCEPTION                       FALSE               FALSE
	-to      async_rstn_glitch_synchronizer/async_rstn_synchronizer/r_ff_reg/RN
TIMING EXCEPTION                       FALSE               FALSE
	-from    { khu_sensor_top/ads1292_controller/async_rstn_synchronizer/r_ff_reg/CK\
		   khu_sensor_top/ads1292_filter/async_rstn_synchronizer/r_ff_reg/CK\
		   khu_sensor_top/async_rstn_glitch_synchronizer/async_rstn_synchronizer/r_ff_reg/CK\
		   khu_sensor_top/mpr121_controller/async_rstn_synchronizer/r_ff_reg/CK\
		   khu_sensor_top/uart_controller/async_rstn_synchronizer/r_ff_reg/CK }
TIMING EXCEPTION                       FALSE               FALSE
	-from    { khu_sensor_top/ads1292_controller/async_rstn_synchronizer/o_RSTN_reg/CK\
		   khu_sensor_top/ads1292_filter/async_rstn_synchronizer/o_RSTN_reg/CK\
		   khu_sensor_top/async_rstn_glitch_synchronizer/async_rstn_synchronizer/o_RSTN_reg/CK\
		   khu_sensor_top/mpr121_controller/async_rstn_synchronizer/o_RSTN_reg/CK\
		   khu_sensor_top/uart_controller/async_rstn_synchronizer/o_RSTN_reg/CK }
TIMING EXCEPTION                       FALSE               FALSE
	-to      { khu_sensor_top/ads1292_controller/async_rstn_synchronizer/o_RSTN_reg/RN\
		   khu_sensor_top/ads1292_filter/async_rstn_synchronizer/o_RSTN_reg/RN\
		   khu_sensor_top/async_rstn_glitch_synchronizer/async_rstn_synchronizer/o_RSTN_reg/RN\
		   khu_sensor_top/mpr121_controller/async_rstn_synchronizer/o_RSTN_reg/RN\
		   khu_sensor_top/uart_controller/async_rstn_synchronizer/o_RSTN_reg/RN }
TIMING EXCEPTION                       FALSE               FALSE
	-to      { khu_sensor_top/ads1292_controller/async_rstn_synchronizer/r_ff_reg/RN\
		   khu_sensor_top/ads1292_filter/async_rstn_synchronizer/r_ff_reg/RN\
		   khu_sensor_top/async_rstn_glitch_synchronizer/async_rstn_synchronizer/r_ff_reg/RN\
		   khu_sensor_top/mpr121_controller/async_rstn_synchronizer/r_ff_reg/RN\
		   khu_sensor_top/uart_controller/async_rstn_synchronizer/r_ff_reg/RN }
TIMING EXCEPTION                       FALSE               FALSE
	-from    { khu_sensor_top/ads1292_controller/spi_master/async_rstn_synchronizer/r_ff_reg/CK\
		   khu_sensor_top/ads1292_filter/iir_hpf/async_rstn_synchronizer/r_ff_reg/CK\
		   khu_sensor_top/ads1292_filter/iir_lpf/async_rstn_synchronizer/r_ff_reg/CK\
		   khu_sensor_top/ads1292_filter/iir_notch/async_rstn_synchronizer/r_ff_reg/CK\
		   khu_sensor_top/mpr121_controller/i2c_master/async_rstn_synchronizer/r_ff_reg/CK }
TIMING EXCEPTION                       FALSE               FALSE
	-from    { khu_sensor_top/ads1292_controller/spi_master/async_rstn_synchronizer/o_RSTN_reg/CK\
		   khu_sensor_top/ads1292_filter/iir_hpf/async_rstn_synchronizer/o_RSTN_reg/CK\
		   khu_sensor_top/ads1292_filter/iir_lpf/async_rstn_synchronizer/o_RSTN_reg/CK\
		   khu_sensor_top/ads1292_filter/iir_notch/async_rstn_synchronizer/o_RSTN_reg/CK\
		   khu_sensor_top/mpr121_controller/i2c_master/async_rstn_synchronizer/o_RSTN_reg/CK }
TIMING EXCEPTION                       FALSE               FALSE
	-to      { khu_sensor_top/ads1292_controller/spi_master/async_rstn_synchronizer/o_RSTN_reg/RN\
		   khu_sensor_top/ads1292_filter/iir_hpf/async_rstn_synchronizer/o_RSTN_reg/RN\
		   khu_sensor_top/ads1292_filter/iir_lpf/async_rstn_synchronizer/o_RSTN_reg/RN\
		   khu_sensor_top/ads1292_filter/iir_notch/async_rstn_synchronizer/o_RSTN_reg/RN\
		   khu_sensor_top/mpr121_controller/i2c_master/async_rstn_synchronizer/o_RSTN_reg/RN }
TIMING EXCEPTION                       FALSE               FALSE
	-to      { khu_sensor_top/ads1292_controller/spi_master/async_rstn_synchronizer/r_ff_reg/RN\
		   khu_sensor_top/ads1292_filter/iir_hpf/async_rstn_synchronizer/r_ff_reg/RN\
		   khu_sensor_top/ads1292_filter/iir_lpf/async_rstn_synchronizer/r_ff_reg/RN\
		   khu_sensor_top/ads1292_filter/iir_notch/async_rstn_synchronizer/r_ff_reg/RN\
		   khu_sensor_top/mpr121_controller/i2c_master/async_rstn_synchronizer/r_ff_reg/RN }
TIMING EXCEPTION                       FALSE               FALSE
	-from    { khu_sensor_top/ads1292_filter/async_rst_synchronizer/r_ff_reg/CK\
		   khu_sensor_top/sensor_core/async_rst_synchronizer/r_ff_reg/CK\
		   khu_sensor_top/uart_controller/async_rst_synchronizer/r_ff_reg/CK }
TIMING EXCEPTION                       FALSE               FALSE
	-from    { khu_sensor_top/ads1292_filter/async_rst_synchronizer/o_RST_reg/CK\
		   khu_sensor_top/sensor_core/async_rst_synchronizer/o_RST_reg/CK\
		   khu_sensor_top/uart_controller/async_rst_synchronizer/o_RST_reg/CK }
TIMING EXCEPTION                       FALSE               FALSE
	-to      { khu_sensor_top/ads1292_filter/async_rst_synchronizer/o_RST_reg/SN\
		   khu_sensor_top/sensor_core/async_rst_synchronizer/o_RST_reg/SN\
		   khu_sensor_top/uart_controller/async_rst_synchronizer/o_RST_reg/SN }
TIMING EXCEPTION                       FALSE               FALSE
	-to      { khu_sensor_top/ads1292_filter/async_rst_synchronizer/r_ff_reg/SN\
		   khu_sensor_top/sensor_core/async_rst_synchronizer/r_ff_reg/SN\
		   khu_sensor_top/uart_controller/async_rst_synchronizer/r_ff_reg/SN }
TIMING EXCEPTION                       FALSE               FALSE
	-from    { khu_sensor_top/ads1292_filter/iir_hpf/async_rst_synchronizer/r_ff_reg/CK\
		   khu_sensor_top/ads1292_filter/iir_lpf/async_rst_synchronizer/r_ff_reg/CK\
		   khu_sensor_top/ads1292_filter/iir_notch/async_rst_synchronizer/r_ff_reg/CK\
		   khu_sensor_top/uart_controller/uart_rx/async_rst_synchronizer/r_ff_reg/CK\
		   khu_sensor_top/uart_controller/uart_tx/async_rst_synchronizer/r_ff_reg/CK }
TIMING EXCEPTION                       FALSE               FALSE
	-from    { khu_sensor_top/ads1292_filter/iir_hpf/async_rst_synchronizer/o_RST_reg/CK\
		   khu_sensor_top/ads1292_filter/iir_lpf/async_rst_synchronizer/o_RST_reg/CK\
		   khu_sensor_top/ads1292_filter/iir_notch/async_rst_synchronizer/o_RST_reg/CK\
		   khu_sensor_top/uart_controller/uart_rx/async_rst_synchronizer/o_RST_reg/CK\
		   khu_sensor_top/uart_controller/uart_tx/async_rst_synchronizer/o_RST_reg/CK }
TIMING EXCEPTION                       FALSE               FALSE
	-to      { khu_sensor_top/ads1292_filter/iir_hpf/async_rst_synchronizer/o_RST_reg/SN\
		   khu_sensor_top/ads1292_filter/iir_lpf/async_rst_synchronizer/o_RST_reg/SN\
		   khu_sensor_top/ads1292_filter/iir_notch/async_rst_synchronizer/o_RST_reg/SN\
		   khu_sensor_top/uart_controller/uart_rx/async_rst_synchronizer/o_RST_reg/SN\
		   khu_sensor_top/uart_controller/uart_tx/async_rst_synchronizer/o_RST_reg/SN }
TIMING EXCEPTION                       FALSE               FALSE
	-to      { khu_sensor_top/ads1292_filter/iir_hpf/async_rst_synchronizer/r_ff_reg/SN\
		   khu_sensor_top/ads1292_filter/iir_lpf/async_rst_synchronizer/r_ff_reg/SN\
		   khu_sensor_top/ads1292_filter/iir_notch/async_rst_synchronizer/r_ff_reg/SN\
		   khu_sensor_top/uart_controller/uart_rx/async_rst_synchronizer/r_ff_reg/SN\
		   khu_sensor_top/uart_controller/uart_tx/async_rst_synchronizer/r_ff_reg/SN }
TIMING EXCEPTION                       max=0               -
	-from    khu_sensor_top/mpr121_controller/i2c_master/clk_gate_sda_o_reg_reg_0/ENCLK
TIMING EXCEPTION                       max=0               -
	-from    khu_sensor_top/mpr121_controller/i2c_master/clk_gate_mode_stop_reg_reg_0/ENCLK
TIMING EXCEPTION                       max=0               -
	-from    khu_sensor_top/mpr121_controller/i2c_master/clk_gate_delay_reg_reg_0/ENCLK
TIMING EXCEPTION                       max=0               -
	-from    khu_sensor_top/mpr121_controller/i2c_master/clk_gate_data_out_reg_reg_0/ENCLK
TIMING EXCEPTION                       max=0               -
	-from    khu_sensor_top/mpr121_controller/i2c_master/clk_gate_data_reg_reg_0/ENCLK
TIMING EXCEPTION                       max=0               -
	-from    khu_sensor_top/mpr121_controller/clk_gate_r_i2c_reg_addr_reg_0/ENCLK
TIMING EXCEPTION                       max=0               -
	-from    khu_sensor_top/ads1292_filter/converter_i2f/clk_gate_a_reg_0/ENCLK
TIMING EXCEPTION                       max=0               -
	-from    khu_sensor_top/ads1292_filter/converter_i2f/clk_gate_value_reg_0/ENCLK
TIMING EXCEPTION                       max=0               -
	-from    khu_sensor_top/ads1292_filter/converter_i2f/clk_gate_z_m_reg_0/ENCLK
TIMING EXCEPTION                       max=0               -
	-from    khu_sensor_top/ads1292_filter/converter_i2f/clk_gate_o_Z_reg_0/ENCLK
TIMING EXCEPTION                       max=0               -
	-from    khu_sensor_top/ads1292_filter/converter_i2f/clk_gate_z_reg_0/ENCLK
TIMING EXCEPTION                       max=0               -
	-from    khu_sensor_top/ads1292_filter/iir_lpf/add/clk_gate_z_m_reg_1/ENCLK
TIMING EXCEPTION                       max=0               -
	-from    khu_sensor_top/ads1292_filter/iir_lpf/add/clk_gate_b_s_reg_0/ENCLK
TIMING EXCEPTION                       max=0               -
	-from    khu_sensor_top/ads1292_filter/iir_lpf/add/clk_gate_b_e_reg_0/ENCLK
TIMING EXCEPTION                       max=0               -
	-from    khu_sensor_top/ads1292_filter/iir_lpf/add/clk_gate_z_e_reg_0/ENCLK
TIMING EXCEPTION                       max=0               -
	-from    khu_sensor_top/ads1292_filter/iir_lpf/add/clk_gate_z_m_reg_2/ENCLK
TIMING EXCEPTION                       max=0               -
	-from    khu_sensor_top/ads1292_filter/iir_lpf/add/clk_gate_a_m_reg_0/ENCLK
TIMING EXCEPTION                       max=0               -
	-from    khu_sensor_top/ads1292_filter/iir_lpf/add/clk_gate_b_m_reg_0/ENCLK
TIMING EXCEPTION                       max=0               -
	-from    khu_sensor_top/ads1292_filter/iir_lpf/add/clk_gate_sum_reg_0/ENCLK
TIMING EXCEPTION                       max=0               -
	-from    khu_sensor_top/ads1292_filter/iir_lpf/add/clk_gate_o_Z_reg_0/ENCLK
TIMING EXCEPTION                       max=0               -
	-from    khu_sensor_top/ads1292_filter/iir_lpf/add/clk_gate_z_reg_0/ENCLK
TIMING EXCEPTION                       max=0               -
	-from    khu_sensor_top/ads1292_filter/iir_lpf/add/clk_gate_a_reg_0/ENCLK
TIMING EXCEPTION                       max=0               -
	-from    khu_sensor_top/ads1292_filter/iir_lpf/mult_1/clk_gate_z_m_reg_1/ENCLK
TIMING EXCEPTION                       max=0               -
	-from    khu_sensor_top/ads1292_filter/iir_lpf/mult_1/clk_gate_a_e_reg_0/ENCLK
TIMING EXCEPTION                       max=0               -
	-from    khu_sensor_top/ads1292_filter/iir_lpf/mult_1/clk_gate_z_e_reg_0/ENCLK
TIMING EXCEPTION                       max=0               -
	-from    khu_sensor_top/ads1292_filter/iir_lpf/mult_1/clk_gate_a_m_reg_0/ENCLK
TIMING EXCEPTION                       max=0               -
	-from    khu_sensor_top/ads1292_filter/iir_lpf/mult_1/clk_gate_guard_reg_0/ENCLK
TIMING EXCEPTION                       max=0               -
	-from    khu_sensor_top/ads1292_filter/iir_lpf/mult_1/clk_gate_b_m_reg_0/ENCLK
TIMING EXCEPTION                       max=0               -
	-from    khu_sensor_top/ads1292_filter/iir_lpf/mult_1/clk_gate_R_40_0/ENCLK
TIMING EXCEPTION                       max=0               -
	-from    khu_sensor_top/ads1292_filter/iir_lpf/mult_1/clk_gate_o_Z_reg_0/ENCLK
TIMING EXCEPTION                       max=0               -
	-from    khu_sensor_top/ads1292_filter/iir_lpf/mult_1/clk_gate_z_reg_0/ENCLK
TIMING EXCEPTION                       max=0               -
	-from    khu_sensor_top/ads1292_filter/iir_lpf/mult_1/clk_gate_a_reg_0/ENCLK
TIMING EXCEPTION                       max=0               -
	-from    khu_sensor_top/ads1292_filter/iir_lpf/mult_2/clk_gate_z_m_reg_1/ENCLK
TIMING EXCEPTION                       max=0               -
	-from    khu_sensor_top/ads1292_filter/iir_lpf/mult_2/clk_gate_a_e_reg_0/ENCLK
TIMING EXCEPTION                       max=0               -
	-from    khu_sensor_top/ads1292_filter/iir_lpf/mult_2/clk_gate_z_e_reg_0/ENCLK
TIMING EXCEPTION                       max=0               -
	-from    khu_sensor_top/ads1292_filter/iir_lpf/mult_2/clk_gate_a_m_reg_0/ENCLK
TIMING EXCEPTION                       max=0               -
	-from    khu_sensor_top/ads1292_filter/iir_lpf/mult_2/clk_gate_guard_reg_0/ENCLK
TIMING EXCEPTION                       max=0               -
	-from    khu_sensor_top/ads1292_filter/iir_lpf/mult_2/clk_gate_b_m_reg_0/ENCLK
TIMING EXCEPTION                       max=0               -
	-from    khu_sensor_top/ads1292_filter/iir_lpf/mult_2/clk_gate_R_41_0/ENCLK
TIMING EXCEPTION                       max=0               -
	-from    khu_sensor_top/ads1292_filter/iir_lpf/mult_2/clk_gate_o_Z_reg_0/ENCLK
TIMING EXCEPTION                       max=0               -
	-from    khu_sensor_top/ads1292_filter/iir_lpf/mult_2/clk_gate_z_reg_0/ENCLK
TIMING EXCEPTION                       max=0               -
	-from    khu_sensor_top/ads1292_filter/iir_lpf/mult_2/clk_gate_R_50_0/ENCLK
TIMING EXCEPTION                       max=0               -
	-from    khu_sensor_top/ads1292_filter/iir_notch/add_1/clk_gate_z_m_reg_1/ENCLK
TIMING EXCEPTION                       max=0               -
	-from    khu_sensor_top/ads1292_filter/iir_notch/add_1/clk_gate_b_s_reg_0/ENCLK
TIMING EXCEPTION                       max=0               -
	-from    khu_sensor_top/ads1292_filter/iir_notch/add_1/clk_gate_b_e_reg_0/ENCLK
TIMING EXCEPTION                       max=0               -
	-from    khu_sensor_top/ads1292_filter/iir_notch/add_1/clk_gate_z_e_reg_0/ENCLK
TIMING EXCEPTION                       max=0               -
	-from    khu_sensor_top/ads1292_filter/iir_notch/add_1/clk_gate_z_m_reg_2/ENCLK
TIMING EXCEPTION                       max=0               -
	-from    khu_sensor_top/ads1292_filter/iir_notch/add_1/clk_gate_a_m_reg_0/ENCLK
TIMING EXCEPTION                       max=0               -
	-from    khu_sensor_top/ads1292_filter/iir_notch/add_1/clk_gate_b_m_reg_0/ENCLK
TIMING EXCEPTION                       max=0               -
	-from    khu_sensor_top/ads1292_filter/iir_notch/add_1/clk_gate_sum_reg_0/ENCLK
TIMING EXCEPTION                       max=0               -
	-from    khu_sensor_top/ads1292_filter/iir_notch/add_1/clk_gate_o_Z_reg_0/ENCLK
TIMING EXCEPTION                       max=0               -
	-from    khu_sensor_top/ads1292_filter/iir_notch/add_1/clk_gate_z_reg_0/ENCLK
TIMING EXCEPTION                       max=0               -
	-from    khu_sensor_top/ads1292_filter/iir_notch/add_1/clk_gate_a_reg_0/ENCLK
TIMING EXCEPTION                       max=0               -
	-from    khu_sensor_top/ads1292_filter/iir_notch/add_2/clk_gate_z_m_reg_1/ENCLK
TIMING EXCEPTION                       max=0               -
	-from    khu_sensor_top/ads1292_filter/iir_notch/add_2/clk_gate_b_s_reg_0/ENCLK
TIMING EXCEPTION                       max=0               -
	-from    khu_sensor_top/ads1292_filter/iir_notch/add_2/clk_gate_b_e_reg_0/ENCLK
TIMING EXCEPTION                       max=0               -
	-from    khu_sensor_top/ads1292_filter/iir_notch/add_2/clk_gate_z_e_reg_0/ENCLK
TIMING EXCEPTION                       max=0               -
	-from    khu_sensor_top/ads1292_filter/iir_notch/add_2/clk_gate_z_m_reg_2/ENCLK
TIMING EXCEPTION                       max=0               -
	-from    khu_sensor_top/ads1292_filter/iir_notch/add_2/clk_gate_a_m_reg_0/ENCLK
TIMING EXCEPTION                       max=0               -
	-from    khu_sensor_top/ads1292_filter/iir_notch/add_2/clk_gate_b_m_reg_0/ENCLK
TIMING EXCEPTION                       max=0               -
	-from    khu_sensor_top/ads1292_filter/iir_notch/add_2/clk_gate_sum_reg_0/ENCLK
TIMING EXCEPTION                       max=0               -
	-from    khu_sensor_top/ads1292_filter/iir_notch/add_2/clk_gate_o_Z_reg_0/ENCLK
TIMING EXCEPTION                       max=0               -
	-from    khu_sensor_top/ads1292_filter/iir_notch/add_2/clk_gate_z_reg_0/ENCLK
TIMING EXCEPTION                       max=0               -
	-from    khu_sensor_top/ads1292_filter/iir_notch/add_2/clk_gate_a_reg_0/ENCLK
TIMING EXCEPTION                       max=0               -
	-from    khu_sensor_top/ads1292_filter/iir_notch/mult_1/clk_gate_z_m_reg_1/ENCLK
TIMING EXCEPTION                       max=0               -
	-from    khu_sensor_top/ads1292_filter/iir_notch/mult_1/clk_gate_z_e_reg_0/ENCLK
TIMING EXCEPTION                       max=0               -
	-from    khu_sensor_top/ads1292_filter/iir_notch/mult_1/clk_gate_a_m_reg_0/ENCLK
TIMING EXCEPTION                       max=0               -
	-from    khu_sensor_top/ads1292_filter/iir_notch/mult_1/clk_gate_guard_reg_0/ENCLK
TIMING EXCEPTION                       max=0               -
	-from    khu_sensor_top/ads1292_filter/iir_notch/mult_1/clk_gate_b_m_reg_0/ENCLK
TIMING EXCEPTION                       max=0               -
	-from    khu_sensor_top/ads1292_filter/iir_notch/mult_1/clk_gate_R_42_0/ENCLK
TIMING EXCEPTION                       max=0               -
	-from    khu_sensor_top/ads1292_filter/iir_notch/mult_1/clk_gate_o_Z_reg_0/ENCLK
TIMING EXCEPTION                       max=0               -
	-from    khu_sensor_top/ads1292_filter/iir_notch/mult_1/clk_gate_z_reg_0/ENCLK
TIMING EXCEPTION                       max=0               -
	-from    khu_sensor_top/ads1292_filter/iir_notch/mult_1/clk_gate_R_51_0/ENCLK
TIMING EXCEPTION                       max=0               -
	-from    khu_sensor_top/ads1292_filter/iir_notch/mult_2/clk_gate_z_m_reg_1/ENCLK
TIMING EXCEPTION                       max=0               -
	-from    khu_sensor_top/ads1292_filter/iir_notch/mult_2/clk_gate_a_e_reg_0/ENCLK
TIMING EXCEPTION                       max=0               -
	-from    khu_sensor_top/ads1292_filter/iir_notch/mult_2/clk_gate_z_e_reg_0/ENCLK
TIMING EXCEPTION                       max=0               -
	-from    khu_sensor_top/ads1292_filter/iir_notch/mult_2/clk_gate_a_m_reg_0/ENCLK
TIMING EXCEPTION                       max=0               -
	-from    khu_sensor_top/ads1292_filter/iir_notch/mult_2/clk_gate_guard_reg_0/ENCLK
TIMING EXCEPTION                       max=0               -
	-from    khu_sensor_top/ads1292_filter/iir_notch/mult_2/clk_gate_b_m_reg_0/ENCLK
TIMING EXCEPTION                       max=0               -
	-from    khu_sensor_top/ads1292_filter/iir_notch/mult_2/clk_gate_R_43_0/ENCLK
TIMING EXCEPTION                       max=0               -
	-from    khu_sensor_top/ads1292_filter/iir_notch/mult_2/clk_gate_o_Z_reg_0/ENCLK
TIMING EXCEPTION                       max=0               -
	-from    khu_sensor_top/ads1292_filter/iir_notch/mult_2/clk_gate_z_reg_0/ENCLK
TIMING EXCEPTION                       max=0               -
	-from    khu_sensor_top/ads1292_filter/iir_notch/mult_2/clk_gate_R_52_0/ENCLK
TIMING EXCEPTION                       max=0               -
	-from    khu_sensor_top/ads1292_filter/iir_notch/mult_3/clk_gate_z_m_reg_1/ENCLK
TIMING EXCEPTION                       max=0               -
	-from    khu_sensor_top/ads1292_filter/iir_notch/mult_3/clk_gate_a_e_reg_0/ENCLK
TIMING EXCEPTION                       max=0               -
	-from    khu_sensor_top/ads1292_filter/iir_notch/mult_3/clk_gate_z_e_reg_0/ENCLK
TIMING EXCEPTION                       max=0               -
	-from    khu_sensor_top/ads1292_filter/iir_notch/mult_3/clk_gate_a_m_reg_0/ENCLK
TIMING EXCEPTION                       max=0               -
	-from    khu_sensor_top/ads1292_filter/iir_notch/mult_3/clk_gate_guard_reg_0/ENCLK
TIMING EXCEPTION                       max=0               -
	-from    khu_sensor_top/ads1292_filter/iir_notch/mult_3/clk_gate_b_m_reg_0/ENCLK
TIMING EXCEPTION                       max=0               -
	-from    khu_sensor_top/ads1292_filter/iir_notch/mult_3/clk_gate_z_s_reg_0/ENCLK
TIMING EXCEPTION                       max=0               -
	-from    khu_sensor_top/ads1292_filter/iir_notch/mult_3/clk_gate_o_Z_reg_0/ENCLK
TIMING EXCEPTION                       max=0               -
	-from    khu_sensor_top/ads1292_filter/iir_notch/mult_3/clk_gate_z_reg_0/ENCLK
TIMING EXCEPTION                       max=0               -
	-from    khu_sensor_top/ads1292_filter/iir_notch/mult_3/clk_gate_R_53_0/ENCLK
TIMING EXCEPTION                       max=0               -
	-from    khu_sensor_top/ads1292_filter/iir_hpf/add/clk_gate_z_m_reg_1/ENCLK
TIMING EXCEPTION                       max=0               -
	-from    khu_sensor_top/ads1292_filter/iir_hpf/add/clk_gate_a_s_reg_0/ENCLK
TIMING EXCEPTION                       max=0               -
	-from    khu_sensor_top/ads1292_filter/iir_hpf/add/clk_gate_b_e_reg_0/ENCLK
TIMING EXCEPTION                       max=0               -
	-from    khu_sensor_top/ads1292_filter/iir_hpf/add/clk_gate_z_e_reg_0/ENCLK
TIMING EXCEPTION                       max=0               -
	-from    khu_sensor_top/ads1292_filter/iir_hpf/add/clk_gate_z_m_reg_2/ENCLK
TIMING EXCEPTION                       max=0               -
	-from    khu_sensor_top/ads1292_filter/iir_hpf/add/clk_gate_a_m_reg_0/ENCLK
TIMING EXCEPTION                       max=0               -
	-from    khu_sensor_top/ads1292_filter/iir_hpf/add/clk_gate_b_m_reg_0/ENCLK
TIMING EXCEPTION                       max=0               -
	-from    khu_sensor_top/ads1292_filter/iir_hpf/add/clk_gate_sum_reg_0/ENCLK
TIMING EXCEPTION                       max=0               -
	-from    khu_sensor_top/ads1292_filter/iir_hpf/add/clk_gate_o_Z_reg_0/ENCLK
TIMING EXCEPTION                       max=0               -
	-from    khu_sensor_top/ads1292_filter/iir_hpf/add/clk_gate_z_reg_0/ENCLK
TIMING EXCEPTION                       max=0               -
	-from    khu_sensor_top/ads1292_filter/iir_hpf/add/clk_gate_a_reg_0/ENCLK
TIMING EXCEPTION                       max=0               -
	-from    khu_sensor_top/ads1292_filter/iir_hpf/mult/clk_gate_z_m_reg_1/ENCLK
TIMING EXCEPTION                       max=0               -
	-from    khu_sensor_top/ads1292_filter/iir_hpf/mult/clk_gate_a_e_reg_0/ENCLK
TIMING EXCEPTION                       max=0               -
	-from    khu_sensor_top/ads1292_filter/iir_hpf/mult/clk_gate_z_e_reg_0/ENCLK
TIMING EXCEPTION                       max=0               -
	-from    khu_sensor_top/ads1292_filter/iir_hpf/mult/clk_gate_a_m_reg_0/ENCLK
TIMING EXCEPTION                       max=0               -
	-from    khu_sensor_top/ads1292_filter/iir_hpf/mult/clk_gate_guard_reg_0/ENCLK
TIMING EXCEPTION                       max=0               -
	-from    khu_sensor_top/ads1292_filter/iir_hpf/mult/clk_gate_b_m_reg_0/ENCLK
TIMING EXCEPTION                       max=0               -
	-from    khu_sensor_top/ads1292_filter/iir_hpf/mult/clk_gate_R_45_0/ENCLK
TIMING EXCEPTION                       max=0               -
	-from    khu_sensor_top/ads1292_filter/iir_hpf/mult/clk_gate_o_Z_reg_0/ENCLK
TIMING EXCEPTION                       max=0               -
	-from    khu_sensor_top/ads1292_filter/iir_hpf/mult/clk_gate_z_reg_0/ENCLK
TIMING EXCEPTION                       max=0               -
	-from    khu_sensor_top/ads1292_filter/iir_hpf/mult/clk_gate_a_reg_0/ENCLK
TIMING EXCEPTION                       max=0               -
	-from    khu_sensor_top/ads1292_filter/converter_f2i/clk_gate_o_Z_reg_0/ENCLK
TIMING EXCEPTION                       max=0               -
	-from    khu_sensor_top/ads1292_filter/converter_f2i/clk_gate_z_reg_0/ENCLK
TIMING EXCEPTION                       max=0               -
	-from    khu_sensor_top/ads1292_filter/converter_f2i/clk_gate_a_m_reg_0/ENCLK
TIMING EXCEPTION                       max=0               -
	-from    khu_sensor_top/ads1292_filter/converter_f2i/clk_gate_a_reg_0/ENCLK
TIMING EXCEPTION                       max=0               -
	-from    khu_sensor_top/ads1292_controller/clk_gate_r_lstate_reg_0/ENCLK
TIMING EXCEPTION                       max=0               -
	-from    khu_sensor_top/ads1292_controller/clk_gate_o_ADS1292_REG_DATA_OUT_reg_0/ENCLK
TIMING EXCEPTION                       max=0               -
	-from    khu_sensor_top/ads1292_controller/clk_gate_r_ads_data_out_reg_0/ENCLK
TIMING EXCEPTION                       max=0               -
	-from    khu_sensor_top/ads1292_controller/clk_gate_o_ADS1292_DATA_OUT_reg_0/ENCLK

1
