 
****************************************
Report : timing
        -path full
        -delay max
        -max_paths 1
Design : khu_sensor_pad
Version: F-2011.09-SP5-3
Date   : Tue Sep  8 19:13:11 2020
****************************************

 * Some/all delay information is back-annotated.

 # A fanout number of 1000 was used for high fanout net computations.

Operating Conditions: V105WTP1250   Library: std150e_wst_105_p125
Wire Load Model Mode: enclosed

  Startpoint: UART_RXD (input port clocked by clk)
  Endpoint: khu_sensor_top/uart_controller/uart_rx/r_Rx_Data_R_reg
            (rising edge-triggered flip-flop clocked by clk_half)
  Path Group: REGIN
  Path Type: max

  Point                                                   Incr       Path
  --------------------------------------------------------------------------
  clock clk (rise edge)                                  12.00      12.00
  clock network delay (ideal)                             0.75      12.75
  input external delay                                    0.35      13.10 f
  UART_RXD (in)                                           0.00      13.10 f
  pad29/Y (phic)                                          1.31      14.41 f
  khu_sensor_top/UART_RXD (khu_sensor_top)                0.00      14.41 f
  khu_sensor_top/uart_controller/i_UART_RXD (uart_controller)
                                                          0.00      14.41 f
  khu_sensor_top/uart_controller/uart_rx/i_Rx_Serial (uart_rx)
                                                          0.00      14.41 f
  khu_sensor_top/uart_controller/uart_rx/r_Rx_Data_R_reg/D (fd3qd1_hd)
                                                          0.00      14.41 f
  data arrival time                                                 14.41

  clock clk_half (rise edge)                             24.00      24.00
  clock network delay (ideal)                             0.75      24.75
  clock uncertainty                                      -4.40      20.35
  khu_sensor_top/uart_controller/uart_rx/r_Rx_Data_R_reg/CK (fd3qd1_hd)
                                                          0.00      20.35 r
  library setup time                                      0.00      20.35
  data required time                                                20.35
  --------------------------------------------------------------------------
  data required time                                                20.35
  data arrival time                                                -14.41
  --------------------------------------------------------------------------
  slack (MET)                                                        5.95


  Startpoint: khu_sensor_top/mpr121_controller/i2c_master/sda_o_reg_reg
              (rising edge-triggered flip-flop clocked by clk)
  Endpoint: MPR121_SDA (output port clocked by clk)
  Path Group: REGOUT
  Path Type: max

  Point                                                   Incr       Path
  --------------------------------------------------------------------------
  clock clk (rise edge)                                   0.00       0.00
  clock network delay (ideal)                             0.75       0.75
  khu_sensor_top/mpr121_controller/i2c_master/sda_o_reg_reg/CK (fd3qd1_hd)
                                                          0.00 #     0.75 r
  khu_sensor_top/mpr121_controller/i2c_master/sda_o_reg_reg/Q (fd3qd1_hd)
                                                          0.42       1.17 f
  khu_sensor_top/mpr121_controller/i2c_master/U111/Y (ivd1_hd)
                                                          0.52       1.70 r
  khu_sensor_top/mpr121_controller/i2c_master/sda_t (i2c_master)
                                                          0.00       1.70 r
  khu_sensor_top/mpr121_controller/o_I2C_SDA_EN (mpr121_controller)
                                                          0.00       1.70 r
  khu_sensor_top/MPR121_SDA_EN (khu_sensor_top)           0.00       1.70 r
  pad37/PAD (phbct12)                                     2.92       4.61 r
  MPR121_SDA (inout)                                      0.00       4.61 r
  data arrival time                                                  4.61

  clock clk (rise edge)                                  12.00      12.00
  clock network delay (ideal)                             0.75      12.75
  clock uncertainty                                      -2.20      10.55
  output external delay                                  -0.50      10.05
  data required time                                                10.05
  --------------------------------------------------------------------------
  data required time                                                10.05
  data arrival time                                                 -4.61
  --------------------------------------------------------------------------
  slack (MET)                                                        5.44


  Startpoint: khu_sensor_top/ads1292_filter/iir_notch/add_2/a_m_reg[23]
              (rising edge-triggered flip-flop clocked by clk)
  Endpoint: khu_sensor_top/ads1292_filter/iir_notch/add_2/sum_reg[27]
            (rising edge-triggered flip-flop clocked by clk)
  Path Group: clk
  Path Type: max

  Point                                                   Incr       Path
  --------------------------------------------------------------------------
  clock clk (rise edge)                                   0.00       0.00
  clock network delay (ideal)                             0.75       0.75
  khu_sensor_top/ads1292_filter/iir_notch/add_2/a_m_reg[23]/CK (fd1qd1_hd)
                                                          0.00 #     0.75 r
  khu_sensor_top/ads1292_filter/iir_notch/add_2/a_m_reg[23]/Q (fd1qd1_hd)
                                                          0.60       1.35 r
  khu_sensor_top/ads1292_filter/iir_notch/add_2/gte_x_3/A[23] (float_adder_1_DW_cmp_6)
                                                          0.00       1.35 r
  khu_sensor_top/ads1292_filter/iir_notch/add_2/gte_x_3/U197/Y (nr2d1_hd)
                                                          0.13       1.49 f
  khu_sensor_top/ads1292_filter/iir_notch/add_2/gte_x_3/U206/Y (nr2d1_hd)
                                                          0.14       1.63 r
  khu_sensor_top/ads1292_filter/iir_notch/add_2/gte_x_3/U240/Y (clknd2d1_hd)
                                                          0.15       1.78 f
  khu_sensor_top/ads1292_filter/iir_notch/add_2/gte_x_3/U259/Y (nr2d1_hd)
                                                          0.12       1.89 r
  khu_sensor_top/ads1292_filter/iir_notch/add_2/gte_x_3/U258/Y (clknd2d1_hd)
                                                          0.11       2.00 f
  khu_sensor_top/ads1292_filter/iir_notch/add_2/gte_x_3/U262/Y (oa21d1_hd)
                                                          0.17       2.17 r
  khu_sensor_top/ads1292_filter/iir_notch/add_2/gte_x_3/GE_LT_GT_LE (float_adder_1_DW_cmp_6)
                                                          0.00       2.17 r
  khu_sensor_top/ads1292_filter/iir_notch/add_2/U6/Y (nr2ad1_hd)
                                                          0.21       2.38 f
  khu_sensor_top/ads1292_filter/iir_notch/add_2/U9/Y (ivd12_hd)
                                                          0.20       2.58 r
  khu_sensor_top/ads1292_filter/iir_notch/add_2/U7/Y (ivd16_hd)
                                                          0.14       2.72 f
  khu_sensor_top/ads1292_filter/iir_notch/add_2/U234/Y (oa21d8_hd)
                                                          0.11       2.83 r
  khu_sensor_top/ads1292_filter/iir_notch/add_2/DP_OP_43_239_1622/I2[0] (float_adder_1_DP_OP_43_239_1622_0)
                                                          0.00       2.83 r
  khu_sensor_top/ads1292_filter/iir_notch/add_2/DP_OP_43_239_1622/U59/Y (xn2d1_hd)
                                                          0.24       3.07 f
  khu_sensor_top/ads1292_filter/iir_notch/add_2/DP_OP_43_239_1622/U28/CO (fad1_hd)
                                                          0.29       3.37 f
  khu_sensor_top/ads1292_filter/iir_notch/add_2/DP_OP_43_239_1622/U27/CO (fad1_hd)
                                                          0.33       3.69 f
  khu_sensor_top/ads1292_filter/iir_notch/add_2/DP_OP_43_239_1622/U109/CO (fad2_hd)
                                                          0.24       3.93 f
  khu_sensor_top/ads1292_filter/iir_notch/add_2/DP_OP_43_239_1622/U103/CO (fad1_hd)
                                                          0.31       4.24 f
  khu_sensor_top/ads1292_filter/iir_notch/add_2/DP_OP_43_239_1622/U66/CO (fad2_hd)
                                                          0.24       4.48 f
  khu_sensor_top/ads1292_filter/iir_notch/add_2/DP_OP_43_239_1622/U71/CO (fad1_hd)
                                                          0.29       4.77 f
  khu_sensor_top/ads1292_filter/iir_notch/add_2/DP_OP_43_239_1622/U102/CO (fad1_hd)
                                                          0.33       5.09 f
  khu_sensor_top/ads1292_filter/iir_notch/add_2/DP_OP_43_239_1622/U58/CO (fad2_hd)
                                                          0.26       5.36 f
  khu_sensor_top/ads1292_filter/iir_notch/add_2/DP_OP_43_239_1622/U72/CO (fad4_hd)
                                                          0.22       5.58 f
  khu_sensor_top/ads1292_filter/iir_notch/add_2/DP_OP_43_239_1622/U104/CO (fad4_hd)
                                                          0.20       5.78 f
  khu_sensor_top/ads1292_filter/iir_notch/add_2/DP_OP_43_239_1622/U18/CO (fad1_hd)
                                                          0.29       6.07 f
  khu_sensor_top/ads1292_filter/iir_notch/add_2/DP_OP_43_239_1622/U17/CO (fad1_hd)
                                                          0.33       6.40 f
  khu_sensor_top/ads1292_filter/iir_notch/add_2/DP_OP_43_239_1622/U108/CO (fad2_hd)
                                                          0.25       6.64 f
  khu_sensor_top/ads1292_filter/iir_notch/add_2/DP_OP_43_239_1622/U107/CO (fad2_hd)
                                                          0.23       6.87 f
  khu_sensor_top/ads1292_filter/iir_notch/add_2/DP_OP_43_239_1622/U65/CO (fad2_hd)
                                                          0.22       7.09 f
  khu_sensor_top/ads1292_filter/iir_notch/add_2/DP_OP_43_239_1622/U70/CO (fad1_hd)
                                                          0.29       7.39 f
  khu_sensor_top/ads1292_filter/iir_notch/add_2/DP_OP_43_239_1622/U95/CO (fad1_hd)
                                                          0.33       7.71 f
  khu_sensor_top/ads1292_filter/iir_notch/add_2/DP_OP_43_239_1622/U61/CO (fad2_hd)
                                                          0.25       7.96 f
  khu_sensor_top/ads1292_filter/iir_notch/add_2/DP_OP_43_239_1622/U62/CO (fad2_hd)
                                                          0.23       8.19 f
  khu_sensor_top/ads1292_filter/iir_notch/add_2/DP_OP_43_239_1622/U106/CO (fad2_hd)
                                                          0.23       8.42 f
  khu_sensor_top/ads1292_filter/iir_notch/add_2/DP_OP_43_239_1622/U105/CO (fad2_hd)
                                                          0.23       8.65 f
  khu_sensor_top/ads1292_filter/iir_notch/add_2/DP_OP_43_239_1622/U63/CO (fad2_hd)
                                                          0.23       8.88 f
  khu_sensor_top/ads1292_filter/iir_notch/add_2/DP_OP_43_239_1622/U64/CO (fad2_hd)
                                                          0.22       9.10 f
  khu_sensor_top/ads1292_filter/iir_notch/add_2/DP_OP_43_239_1622/U89/CO (fad1_hd)
                                                          0.31       9.41 f
  khu_sensor_top/ads1292_filter/iir_notch/add_2/DP_OP_43_239_1622/U68/CO (fad2_hd)
                                                          0.25       9.66 f
  khu_sensor_top/ads1292_filter/iir_notch/add_2/DP_OP_43_239_1622/U99/CO (fad2_hd)
                                                          0.23       9.89 f
  khu_sensor_top/ads1292_filter/iir_notch/add_2/DP_OP_43_239_1622/U67/CO (fad2_hd)
                                                          0.23      10.11 f
  khu_sensor_top/ads1292_filter/iir_notch/add_2/DP_OP_43_239_1622/U69/Y (xn2d1_hd)
                                                          0.24      10.35 r
  khu_sensor_top/ads1292_filter/iir_notch/add_2/DP_OP_43_239_1622/O1[27] (float_adder_1_DP_OP_43_239_1622_0)
                                                          0.00      10.35 r
  khu_sensor_top/ads1292_filter/iir_notch/add_2/U8/Y (scg14d1_hd)
                                                          0.16      10.51 r
  khu_sensor_top/ads1292_filter/iir_notch/add_2/sum_reg[27]/D (fd1qd1_hd)
                                                          0.00      10.51 r
  data arrival time                                                 10.51

  clock clk (rise edge)                                  12.00      12.00
  clock network delay (ideal)                             0.75      12.75
  clock uncertainty                                      -2.20      10.55
  khu_sensor_top/ads1292_filter/iir_notch/add_2/sum_reg[27]/CK (fd1qd1_hd)
                                                          0.00      10.55 r
  library setup time                                     -0.03      10.52
  data required time                                                10.52
  --------------------------------------------------------------------------
  data required time                                                10.52
  data arrival time                                                -10.51
  --------------------------------------------------------------------------
  slack (MET)                                                        0.01


  Startpoint: khu_sensor_top/ads1292_filter/o_ADS1292_FILTERED_DATA_VALID_reg
              (rising edge-triggered flip-flop clocked by clk)
  Endpoint: khu_sensor_top/sensor_core/r_ads_ch2_data_out_reg[0]
            (rising edge-triggered flip-flop clocked by clk_half)
  Path Group: clk_half
  Path Type: max

  Point                                                   Incr       Path
  --------------------------------------------------------------------------
  clock clk (rise edge)                                  12.00      12.00
  clock network delay (ideal)                             0.75      12.75
  khu_sensor_top/ads1292_filter/o_ADS1292_FILTERED_DATA_VALID_reg/CK (fd4qd1_hd)
                                                          0.00 #    12.75 r
  khu_sensor_top/ads1292_filter/o_ADS1292_FILTERED_DATA_VALID_reg/Q (fd4qd1_hd)
                                                          0.44      13.19 f
  khu_sensor_top/ads1292_filter/o_ADS1292_FILTERED_DATA_VALID (ads1292_filter)
                                                          0.00      13.19 f
  khu_sensor_top/sensor_core/i_ADS1292_FILTERED_DATA_VALID (sensor_core)
                                                          0.00      13.19 f
  khu_sensor_top/sensor_core/U328/Y (scg12d1_hd)          0.26      13.45 f
  khu_sensor_top/sensor_core/U276/Y (nr2d1_hd)            0.56      14.01 r
  khu_sensor_top/sensor_core/U275/Y (nr2d1_hd)            0.50      14.51 f
  khu_sensor_top/sensor_core/U577/Y (scg2d1_hd)           0.41      14.93 f
  khu_sensor_top/sensor_core/r_ads_ch2_data_out_reg[0]/D (fd4qd1_hd)
                                                          0.00      14.93 f
  data arrival time                                                 14.93

  clock clk_half (rise edge)                             24.00      24.00
  clock network delay (ideal)                             0.75      24.75
  clock uncertainty                                      -4.40      20.35
  khu_sensor_top/sensor_core/r_ads_ch2_data_out_reg[0]/CK (fd4qd1_hd)
                                                          0.00      20.35 r
  library setup time                                      0.00      20.35
  data required time                                                20.35
  --------------------------------------------------------------------------
  data required time                                                20.35
  data arrival time                                                -14.93
  --------------------------------------------------------------------------
  slack (MET)                                                        5.42


1
