 
****************************************
Report : area
Design : khu_sensor_pad
Version: L-2016.03-SP5-5
Date   : Thu Nov 19 02:26:46 2020
****************************************

Library(s) Used:

    std150e_wst_105_p125 (File: /Tools/Library/samsung013/sec050915_0050_STD150E_regular_DK_Synopsys_N/sec150e_synopsys/syn/STD150E/std150e_wst_105_p125.db)

Number of ports:                         4703
Number of nets:                         34694
Number of cells:                        27808
Number of combinational cells:          21152
Number of sequential cells:              6500
Number of macros/black boxes:              46
Number of buf/inv:                       2691
Number of references:                      12

Combinational area:              52444.018442
Buf/Inv area:                     1872.008635
Noncombinational area:           38186.326483
Macro/Black Box area:                0.000000
Net Interconnect area:               0.243590
                                       (No wire load specified)

Total cell area:                 90630.344924
Total area:                      90630.588514
1
