Information: Scenario funccts_wst either not exists or is inactive. report_qor will skip it. (UID-1059)
 
****************************************
Report : qor
Design : khu_sensor_pad
Scenario(s): func1_wst funccts_wst
Version: N-2017.09
Date   : Thu Nov 19 01:44:03 2020
****************************************


  Scenario 'func1_wst'
  Timing Path Group '**clock_gating_default**'
  -----------------------------------
  Levels of Logic:            14.0000
  Critical Path Length:        5.6796
  Critical Path Slack:         3.9104
  Critical Path Clk Period:   10.2000
  Total Negative Slack:        0.0000
  No. of Violating Paths:      0.0000
  Worst Hold Violation:        0.0000
  Total Hold Violation:        0.0000
  No. of Hold Violations:      0.0000
  -----------------------------------

  Scenario 'func1_wst'
  Timing Path Group 'REGIN'
  -----------------------------------
  Levels of Logic:             5.0000
  Critical Path Length:        2.8572
  Critical Path Slack:         6.3828
  Critical Path Clk Period:   10.2000
  Total Negative Slack:        0.0000
  No. of Violating Paths:      0.0000
  Worst Hold Violation:        0.0000
  Total Hold Violation:        0.0000
  No. of Hold Violations:      0.0000
  -----------------------------------

  Scenario 'func1_wst'
  Timing Path Group 'REGOUT'
  -----------------------------------
  Levels of Logic:             3.0000
  Critical Path Length:        4.0937
  Critical Path Slack:         5.0063
  Critical Path Clk Period:   10.2000
  Total Negative Slack:        0.0000
  No. of Violating Paths:      0.0000
  Worst Hold Violation:        0.0000
  Total Hold Violation:        0.0000
  No. of Hold Violations:      0.0000
  -----------------------------------

  Scenario 'func1_wst'
  Timing Path Group 'clk'
  -----------------------------------
  Levels of Logic:            14.0000
  Critical Path Length:        6.4607
  Critical Path Slack:         3.0775
  Critical Path Clk Period:   10.2000
  Total Negative Slack:        0.0000
  No. of Violating Paths:      0.0000
  Worst Hold Violation:        0.0000
  Total Hold Violation:        0.0000
  No. of Hold Violations:      0.0000
  -----------------------------------

  Scenario 'func1_wst'
  Timing Path Group 'clk_half'
  -----------------------------------
  Levels of Logic:             9.0000
  Critical Path Length:        2.5158
  Critical Path Slack:         6.4507
  Critical Path Clk Period:   20.4000
  Total Negative Slack:        0.0000
  No. of Violating Paths:      0.0000
  Worst Hold Violation:        0.0000
  Total Hold Violation:        0.0000
  No. of Hold Violations:      0.0000
  -----------------------------------

  Scenario 'func1_wst'
  Timing Path Group 'default'
  -----------------------------------
  Levels of Logic:             2.0000
  Critical Path Length:        0.5132
  Critical Path Slack:        -0.5132
  Critical Path Clk Period:       n/a
  Total Negative Slack:    -1247.4314
  No. of Violating Paths:   4927.0000
  Worst Hold Violation:        0.0000
  Total Hold Violation:        0.0000
  No. of Hold Violations:      0.0000
  -----------------------------------


  Cell Count
  -----------------------------------
  Hierarchical Cell Count:        284
  Hierarchical Port Count:       6476
  Leaf Cell Count:              26979
  Buf/Inv Cell Count:            3948
  Buf Cell Count:                  75
  Inv Cell Count:                3873
  CT Buf/Inv Cell Count:            0
  Combinational Cell Count:     21592
  Sequential Cell Count:         5387
  Macro Count:                      0
  -----------------------------------


  Area
  -----------------------------------
  Combinational Area:      50109.3473
  Noncombinational Area:   36856.6666
  Buf/Inv Area:             3309.3403
  Total Buffer Area:         108.9998
  Total Inverter Area:      3200.3405
  Macro/Black Box Area:        0.0000
  Net Area:                  818.1967
  Net XLength        :    600582.7500
  Net YLength        :    580874.0625
  -----------------------------------
  Cell Area:               86966.0140
  Design Area:             87784.2107
  Net Length        :    1181456.7500


  Design Rules
  -----------------------------------
  Total Number of Nets:         29542
  Nets With Violations:             0
  Max Trans Violations:             0
  Max Cap Violations:               0
  -----------------------------------


  Hostname: vlsi-dist.khu.ac.kr

  Compile CPU Statistics
  -----------------------------------------
  Resource Sharing:                  0.0000
  Logic Optimization:                0.0000
  Mapping Optimization:             62.9984
  -----------------------------------------
  Overall Compile Time:             63.6203
  Overall Compile Wall Clock Time:  63.7901

  --------------------------------------------------------------------

  Scenario: func1_wst   WNS: 0.5132  TNS: 1247.4314  Number of Violating Paths: 4927
  Design  WNS: 0.5132  TNS: 1247.4314  Number of Violating Paths: 4927


  Scenario: func1_wst  (Hold)  WNS: 0.0000  TNS: 0.0000  Number of Violating Paths: 0
  Design (Hold)  WNS: 0.0000  TNS: 0.0000  Number of Violating Paths: 0

  --------------------------------------------------------------------


1
